Component: ARM Compiler 5.05 update 1 (build 106) Tool: armlink [4d0efa]

==============================================================================

Section Cross References

    main.o(.text) refers to delay.o(.text) for delay_init
    main.o(.text) refers to key.o(.text) for Key_Init
    main.o(.text) refers to led.o(.text) for Led_Init
    main.o(.text) refers to beep.o(.text) for Beep_Init
    main.o(.text) refers to lcd.o(.text) for LCD_Init
    main.o(.text) refers to usart3.o(.text) for usart3_init
    main.o(.text) refers to usart.o(.text) for uart_init
    main.o(.text) refers to pwm_motor.o(.text) for Pwm_Init
    main.o(.text) refers to exti.o(.text) for Exti_Init
    main.o(.text) refers to stm32f4xx_tim.o(.text) for TIM_SetCompare1
    main.o(.text) refers to misc.o(.text) for NVIC_PriorityGroupConfig
    main.o(.text) refers to rplidar.o(.text) for Rplidar_BuildGroups
    main.o(.text) refers to rplidar.o(.data) for STOP_FALG
    main.o(.text) refers to lcd.o(.data) for POINT_COLOR
    main.o(.text) refers to usart3.o(.data) for USART3_RX_STA
    main.o(.text) refers to main.o(.bss) for nodes
    system_stm32f4xx.o(.text) refers to system_stm32f4xx.o(.data) for SystemCoreClock
    startup_stm32f40_41xxx.o(RESET) refers to startup_stm32f40_41xxx.o(STACK) for __initial_sp
    startup_stm32f40_41xxx.o(RESET) refers to startup_stm32f40_41xxx.o(.text) for Reset_Handler
    startup_stm32f40_41xxx.o(RESET) refers to stm32f4xx_it.o(.text) for NMI_Handler
    startup_stm32f40_41xxx.o(RESET) refers to exti.o(.text) for EXTI0_IRQHandler
    startup_stm32f40_41xxx.o(RESET) refers to usart.o(.text) for USART1_IRQHandler
    startup_stm32f40_41xxx.o(RESET) refers to usart3.o(.text) for USART3_IRQHandler
    startup_stm32f40_41xxx.o(RESET) refers to timer.o(.text) for TIM7_IRQHandler
    startup_stm32f40_41xxx.o(.text) refers to system_stm32f4xx.o(.text) for SystemInit
    startup_stm32f40_41xxx.o(.text) refers to entry.o(.ARM.Collect$$$$00000000) for __main
    stm32f4xx_gpio.o(.text) refers to stm32f4xx_rcc.o(.text) for RCC_AHB1PeriphResetCmd
    stm32f4xx_rcc.o(.text) refers to stm32f4xx_rcc.o(.data) for APBAHBPrescTable
    stm32f4xx_syscfg.o(.text) refers to stm32f4xx_rcc.o(.text) for RCC_APB2PeriphResetCmd
    stm32f4xx_usart.o(.text) refers to stm32f4xx_rcc.o(.text) for RCC_APB2PeriphResetCmd
    stm32f4xx_tim.o(.text) refers to stm32f4xx_rcc.o(.text) for RCC_APB2PeriphResetCmd
    stm32f4xx_fsmc.o(.text) refers to stm32f4xx_fsmc.o(.constdata) for FSMC_DefaultTimingStruct
    usart.o(.text) refers to stm32f4xx_rcc.o(.text) for RCC_AHB1PeriphClockCmd
    usart.o(.text) refers to stm32f4xx_gpio.o(.text) for GPIO_PinAFConfig
    usart.o(.text) refers to stm32f4xx_usart.o(.text) for USART_Init
    usart.o(.text) refers to misc.o(.text) for NVIC_Init
    usart.o(.text) refers to usart.o(.data) for USART_RX_STA
    usart.o(.text) refers to usart.o(.bss) for USART_RX_BUF
    delay.o(.text) refers to misc.o(.text) for SysTick_CLKSourceConfig
    delay.o(.text) refers to delay.o(.data) for fac_us
    led.o(.text) refers to stm32f4xx_rcc.o(.text) for RCC_AHB1PeriphClockCmd
    led.o(.text) refers to stm32f4xx_gpio.o(.text) for GPIO_Init
    usart3.o(.text) refers to stm32f4xx_rcc.o(.text) for RCC_AHB1PeriphClockCmd
    usart3.o(.text) refers to stm32f4xx_usart.o(.text) for USART_DeInit
    usart3.o(.text) refers to stm32f4xx_gpio.o(.text) for GPIO_PinAFConfig
    usart3.o(.text) refers to misc.o(.text) for NVIC_Init
    usart3.o(.text) refers to timer.o(.text) for TIM7_Int_Init
    usart3.o(.text) refers to stm32f4xx_tim.o(.text) for TIM_Cmd
    usart3.o(.text) refers to printfa.o(i.__0vsprintf) for __c89vsprintf
    usart3.o(.text) refers to strlen.o(.text) for strlen
    usart3.o(.text) refers to usart3.o(.data) for USART3_RX_STA
    usart3.o(.text) refers to usart3.o(.bss) for USART3_RX_BUF
    timer.o(.text) refers to stm32f4xx_tim.o(.text) for TIM_GetITStatus
    timer.o(.text) refers to stm32f4xx_rcc.o(.text) for RCC_APB1PeriphClockCmd
    timer.o(.text) refers to misc.o(.text) for NVIC_Init
    timer.o(.text) refers to usart3.o(.data) for USART3_RX_STA
    beep.o(.text) refers to delay.o(.text) for delay_init
    beep.o(.text) refers to stm32f4xx_rcc.o(.text) for RCC_AHB1PeriphClockCmd
    beep.o(.text) refers to stm32f4xx_gpio.o(.text) for GPIO_Init
    key.o(.text) refers to stm32f4xx_rcc.o(.text) for RCC_AHB1PeriphClockCmd
    key.o(.text) refers to stm32f4xx_gpio.o(.text) for GPIO_Init
    key.o(.text) refers to delay.o(.text) for delay_ms
    lcd.o(.text) refers to delay.o(.text) for delay_us
    lcd.o(.text) refers to lcd.o(.bss) for lcddev
    lcd.o(.text) refers to lcd.o(.data) for POINT_COLOR
    lcd.o(.text) refers to dfltui.o(.text) for __aeabi_ui2d
    lcd.o(.text) refers to dmul.o(.text) for __aeabi_dmul
    lcd.o(.text) refers to dfixui.o(.text) for __aeabi_d2uiz
    lcd.o(.text) refers to stm32f4xx_rcc.o(.text) for RCC_AHB1PeriphClockCmd
[...]
    printf6.o(i.__0printf$6) refers to usart.o(.text) for fputc
    printf6.o(i.__0printf$6) refers to usart.o(.data) for __stdout
    printf6.o(i.__0snprintf$6) refers to printf6.o(i._printf_core) for _printf_core
    printf6.o(i.__0snprintf$6) refers to printf6.o(i._snputc) for _snputc
    printf6.o(i.__0sprintf$6) refers to printf6.o(i._printf_core) for _printf_core
    printf6.o(i.__0sprintf$6) refers to printf6.o(i._sputc) for _sputc
    printf6.o(i.__0vfprintf$6) refers to printf6.o(i._printf_core) for _printf_core
    printf6.o(i.__0vfprintf$6) refers to usart.o(.text) for fputc
    printf6.o(i.__0vprintf$6) refers to printf6.o(i._printf_core) for _printf_core
    printf6.o(i.__0vprintf$6) refers to usart.o(.text) for fputc
    printf6.o(i.__0vprintf$6) refers to usart.o(.data) for __stdout
    printf6.o(i.__0vsnprintf$6) refers to printf6.o(i._printf_core) for _printf_core
    printf6.o(i.__0vsnprintf$6) refers to printf6.o(i._snputc) for _snputc
    printf6.o(i.__0vsprintf$6) refers to printf6.o(i._printf_core) for _printf_core
    printf6.o(i.__0vsprintf$6) refers to printf6.o(i._sputc) for _sputc
    printf6.o(i._printf_core) refers to printf6.o(i._printf_pre_padding) for _printf_pre_padding
    printf6.o(i._printf_core) refers to uidiv.o(.text) for __aeabi_uidivmod
    printf6.o(i._printf_core) refers to printf6.o(i._printf_post_padding) for _printf_post_padding
    printf7.o(i.__0fprintf$7) refers to printf7.o(i._printf_core) for _printf_core
    printf7.o(i.__0fprintf$7) refers to usart.o(.text) for fputc
    printf7.o(i.__0printf$7) refers to printf7.o(i._printf_core) for _printf_core
    printf7.o(i.__0printf$7) refers to usart.o(.text) for fputc
    printf7.o(i.__0printf$7) refers to usart.o(.data) for __stdout
    printf7.o(i.__0snprintf$7) refers to printf7.o(i._printf_core) for _printf_core
    printf7.o(i.__0snprintf$7) refers to printf7.o(i._snputc) for _snputc
    printf7.o(i.__0sprintf$7) refers to printf7.o(i._printf_core) for _printf_core
    printf7.o(i.__0sprintf$7) refers to printf7.o(i._sputc) for _sputc
    printf7.o(i.__0vfprintf$7) refers to printf7.o(i._printf_core) for _printf_core
    printf7.o(i.__0vfprintf$7) refers to usart.o(.text) for fputc
    printf7.o(i.__0vprintf$7) refers to printf7.o(i._printf_core) for _printf_core
    printf7.o(i.__0vprintf$7) refers to usart.o(.text) for fputc
    printf7.o(i.__0vprintf$7) refers to usart.o(.data) for __stdout
    printf7.o(i.__0vsnprintf$7) refers to printf7.o(i._printf_core) for _printf_core
    printf7.o(i.__0vsnprintf$7) refers to printf7.o(i._snputc) for _snputc
    printf7.o(i.__0vsprintf$7) refers to printf7.o(i._printf_core) for _printf_core
    printf7.o(i.__0vsprintf$7) refers to printf7.o(i._sputc) for _sputc
    printf7.o(i._printf_core) refers to printf7.o(i._printf_pre_padding) for _printf_pre_padding
    printf7.o(i._printf_core) refers to uldiv.o(.text) for __aeabi_uldivmod
    printf7.o(i._printf_core) refers to printf7.o(i._printf_post_padding) for _printf_post_padding
    printf8.o(i.__0fprintf$8) refers to printf8.o(i._printf_core) for _printf_core
    printf8.o(i.__0fprintf$8) refers to usart.o(.text) for fputc
    printf8.o(i.__0printf$8) refers to printf8.o(i._printf_core) for _printf_core
    printf8.o(i.__0printf$8) refers to usart.o(.text) for fputc
    printf8.o(i.__0printf$8) refers to usart.o(.data) for __stdout
    printf8.o(i.__0snprintf$8) refers to printf8.o(i._printf_core) for _printf_core
    printf8.o(i.__0snprintf$8) refers to printf8.o(i._snputc) for _snputc
    printf8.o(i.__0sprintf$8) refers to printf8.o(i._printf_core) for _printf_core
    printf8.o(i.__0sprintf$8) refers to printf8.o(i._sputc) for _sputc
    printf8.o(i.__0vfprintf$8) refers to printf8.o(i._printf_core) for _printf_core
    printf8.o(i.__0vfprintf$8) refers to usart.o(.text) for fputc
    printf8.o(i.__0vprintf$8) refers to printf8.o(i._printf_core) for _printf_core
    printf8.o(i.__0vprintf$8) refers to usart.o(.text) for fputc
    printf8.o(i.__0vprintf$8) refers to usart.o(.data) for __stdout
    printf8.o(i.__0vsnprintf$8) refers to printf8.o(i._printf_core) for _printf_core
    printf8.o(i.__0vsnprintf$8) refers to printf8.o(i._snputc) for _snputc
    printf8.o(i.__0vsprintf$8) refers to printf8.o(i._printf_core) for _printf_core
    printf8.o(i.__0vsprintf$8) refers to printf8.o(i._sputc) for _sputc
    printf8.o(i._printf_core) refers to printf8.o(i._printf_pre_padding) for _printf_pre_padding
    printf8.o(i._printf_core) refers to uldiv.o(.text) for __aeabi_uldivmod
    printf8.o(i._printf_core) refers to printf8.o(i._printf_post_padding) for _printf_post_padding
    printfa.o(i.__0fprintf) refers (Special) to iusefp.o(.text) for __I$use$fp
    printfa.o(i.__0fprintf) refers to printfa.o(i._printf_core) for _printf_core
    printfa.o(i.__0fprintf) refers to usart.o(.text) for fputc
    printfa.o(i.__0printf) refers (Special) to iusefp.o(.text) for __I$use$fp
    printfa.o(i.__0printf) refers to printfa.o(i._printf_core) for _printf_core
    printfa.o(i.__0printf) refers to usart.o(.text) for fputc
    printfa.o(i.__0printf) refers to usart.o(.data) for __stdout
    printfa.o(i.__0snprintf) refers (Special) to iusefp.o(.text) for __I$use$fp
    printfa.o(i.__0snprintf) refers to printfa.o(i._printf_core) for _printf_core
    printfa.o(i.__0snprintf) refers to printfa.o(i._snputc) for _snputc
    printfa.o(i.__0sprintf) refers (Special) to iusefp.o(.text) for __I$use$fp
    printfa.o(i.__0sprintf) refers to printfa.o(i._printf_core) for _printf_core
    printfa.o(i.__0sprintf) refers to printfa.o(i._sputc) for _sputc
    printfa.o(i.__0vfprintf) refers (Special) to iusefp.o(.text) for __I$use$fp
    printfa.o(i.__0vfprintf) refers to printfa.o(i._printf_core) for _printf_core
    printfa.o(i.__0vfprintf) refers to usart.o(.text) for fputc
    printfa.o(i.__0vprintf) refers (Special) to iusefp.o(.text) for __I$use$fp
    printfa.o(i.__0vprintf) refers to printfa.o(i._printf_core) for _printf_core
    printfa.o(i.__0vprintf) refers to usart.o(.text) for fputc
    printfa.o(i.__0vprintf) refers to usart.o(.data) for __stdout
    printfa.o(i.__0vsnprintf) refers (Special) to iusefp.o(.text) for __I$use$fp
    printfa.o(i.__0vsnprintf) refers to printfa.o(i._printf_core) for _printf_core
    printfa.o(i.__0vsnprintf) refers to printfa.o(i._snputc) for _snputc
    printfa.o(i.__0vsprintf) refers (Special) to iusefp.o(.text) for __I$use$fp
    printfa.o(i.__0vsprintf) refers to printfa.o(i._printf_core) for _printf_core
    printfa.o(i.__0vsprintf) refers to printfa.o(i._sputc) for _sputc
    printfa.o(i._fp_digits) refers (Special) to iusefp.o(.text) for __I$use$fp
    printfa.o(i._fp_digits) refers to dmul.o(.text) for __aeabi_dmul
    printfa.o(i._fp_digits) refers to ddiv.o(.text) for __aeabi_ddiv
    printfa.o(i._fp_digits) refers to cdrcmple.o(.text) for __aeabi_cdrcmple
    printfa.o(i._fp_digits) refers to dadd.o(.text) for __aeabi_dadd
    printfa.o(i._fp_digits) refers to dfixul.o(.text) for __aeabi_d2ulz
    printfa.o(i._fp_digits) refers to uldiv.o(.text) for __aeabi_uldivmod
    printfa.o(i._printf_core) refers (Special) to iusefp.o(.text) for __I$use$fp
    printfa.o(i._printf_core) refers to printfa.o(i._printf_pre_padding) for _printf_pre_padding
    printfa.o(i._printf_core) refers to uldiv.o(.text) for __aeabi_uldivmod
    printfa.o(i._printf_core) refers to printfa.o(i._printf_post_padding) for _printf_post_padding
    printfa.o(i._printf_core) refers to printfa.o(i._fp_digits) for _fp_digits
    printfa.o(i._printf_core) refers to uidiv.o(.text) for __aeabi_uidivmod
    printfa.o(i._printf_post_padding) refers (Special) to iusefp.o(.text) for __I$use$fp
    printfa.o(i._printf_pre_padding) refers (Special) to iusefp.o(.text) for __I$use$fp
    printfa.o(i._snputc) refers (Special) to iusefp.o(.text) for __I$use$fp
    printfa.o(i._sputc) refers (Special) to iusefp.o(.text) for __I$use$fp
    dmul.o(.text) refers (Special) to iusefp.o(.text) for __I$use$fp
    dmul.o(.text) refers to depilogue.o(.text) for _double_epilogue
    ddiv.o(.text) refers (Special) to iusefp.o(.text) for __I$use$fp
    ddiv.o(.text) refers to depilogue.o(.text) for _double_round
    dflti.o(.text) refers (Special) to iusefp.o(.text) for __I$use$fp
    dflti.o(.text) refers to depilogue.o(.text) for _double_epilogue
    dfltui.o(.text) refers (Special) to iusefp.o(.text) for __I$use$fp
    dfltui.o(.text) refers to depilogue.o(.text) for _double_epilogue
    dfixui.o(.text) refers (Special) to iusefp.o(.text) for __I$use$fp
    dfixui.o(.text) refers to llushr.o(.text) for __aeabi_llsr
    d2f.o(.text) refers (Special) to iusefp.o(.text) for __I$use$fp
    d2f.o(.text) refers to fepilogue.o(.text) for _float_round
    entry2.o(.ARM.Collect$$$$00000001) refers to entry2.o(.ARM.Collect$$$$00002712) for __lit__00000000
    entry2.o(.ARM.Collect$$$$00002712) refers to startup_stm32f40_41xxx.o(STACK) for __initial_sp
    entry2.o(__vectab_stack_and_reset_area) refers to startup_stm32f40_41xxx.o(STACK) for __initial_sp
    entry2.o(__vectab_stack_and_reset_area) refers to entry.o(.ARM.Collect$$$$00000000) for __main
    entry5.o(.ARM.Collect$$$$00000004) refers to init.o(.text) for __scatterload
    entry9a.o(.ARM.Collect$$$$0000000B) refers to main.o(.text) for main
    entry9b.o(.ARM.Collect$$$$0000000C) refers to main.o(.text) for main
    uldiv.o(.text) refers to llushr.o(.text) for __aeabi_llsr
    uldiv.o(.text) refers to llshl.o(.text) for __aeabi_llsl
    depilogue.o(.text) refers to llshl.o(.text) for __aeabi_llsl
    depilogue.o(.text) refers to llushr.o(.text) for __aeabi_llsr
    dadd.o(.text) refers to llshl.o(.text) for __aeabi_llsl
    dadd.o(.text) refers to llsshr.o(.text) for __aeabi_lasr
    dadd.o(.text) refers to depilogue.o(.text) for _double_epilogue
    dfixul.o(.text) refers to llushr.o(.text) for __aeabi_llsr
    dfixul.o(.text) refers to llshl.o(.text) for __aeabi_llsl
    init.o(.text) refers to entry5.o(.ARM.Collect$$$$00000004) for __main_after_scatterload


==============================================================================

Removing Unused input sections from the image.

    Removing main.o(.rev16_text), (4 bytes).
    Removing main.o(.revsh_text), (4 bytes).
    Removing stm32f4xx_it.o(.rev16_text), (4 bytes).
    Removing stm32f4xx_it.o(.revsh_text), (4 bytes).
    Removing system_stm32f4xx.o(.rev16_text), (4 bytes).
    Removing system_stm32f4xx.o(.revsh_text), (4 bytes).
    Removing startup_stm32f40_41xxx.o(HEAP), (512 bytes).
    Removing stm32f4xx_gpio.o(.rev16_text), (4 bytes).
    Removing stm32f4xx_gpio.o(.revsh_text), (4 bytes).
    Removing stm32f4xx_rcc.o(.rev16_text), (4 bytes).
    Removing stm32f4xx_rcc.o(.revsh_text), (4 bytes).
    Removing stm32f4xx_syscfg.o(.rev16_text), (4 bytes).
    Removing stm32f4xx_syscfg.o(.revsh_text), (4 bytes).
    Removing misc.o(.rev16_text), (4 bytes).
    Removing misc.o(.revsh_text), (4 bytes).
    Removing stm32f4xx_usart.o(.rev16_text), (4 bytes).
    Removing stm32f4xx_usart.o(.revsh_text), (4 bytes).
    Removing stm32f4xx_tim.o(.rev16_text), (4 bytes).
    Removing stm32f4xx_tim.o(.revsh_text), (4 bytes).
    Removing stm32f4xx_exti.o(.rev16_text), (4 bytes).
    Removing stm32f4xx_exti.o(.revsh_text), (4 bytes).
    Removing stm32f4xx_dma.o(.rev16_text), (4 bytes).
    Removing stm32f4xx_dma.o(.revsh_text), (4 bytes).
    Removing stm32f4xx_dma.o(.text), (936 bytes).
    Removing stm32f4xx_fsmc.o(.rev16_text), (4 bytes).
    Removing stm32f4xx_fsmc.o(.revsh_text), (4 bytes).
    Removing sys.o(.rev16_text), (4 bytes).
    Removing sys.o(.revsh_text), (4 bytes).
    Removing sys.o(.emb_text), (16 bytes).
    Removing usart.o(.rev16_text), (4 bytes).
    Removing usart.o(.revsh_text), (4 bytes).
    Removing delay.o(.rev16_text), (4 bytes).
    Removing delay.o(.revsh_text), (4 bytes).
    Removing led.o(.rev16_text), (4 bytes).
    Removing led.o(.revsh_text), (4 bytes).
    Removing usart3.o(.rev16_text), (4 bytes).
    Removing usart3.o(.revsh_text), (4 bytes).
    Removing timer.o(.rev16_text), (4 bytes).
    Removing timer.o(.revsh_text), (4 bytes).
    Removing beep.o(.rev16_text), (4 bytes).
    Removing beep.o(.revsh_text), (4 bytes).
    Removing key.o(.rev16_text), (4 bytes).
    Removing key.o(.revsh_text), (4 bytes).
    Removing lcd.o(.rev16_text), (4 bytes).
    Removing lcd.o(.revsh_text), (4 bytes).
    Removing pwm_motor.o(.rev16_text), (4 bytes).
    Removing pwm_motor.o(.revsh_text), (4 bytes).
    Removing exti.o(.rev16_text), (4 bytes).
    Removing exti.o(.revsh_text), (4 bytes).
    Removing rplidar.o(.rev16_text), (4 bytes).
    Removing rplidar.o(.revsh_text), (4 bytes).

51 unused section(s) (total 1656 bytes) removed from the image.

==============================================================================

Image Symbol Table

    Local Symbols

    Symbol Name                              Value     Ov Type        Size  Object(Section)

    ../clib/microlib/division.c              0x00000000   Number         0  uidiv.o ABSOLUTE
    ../clib/microlib/division.c              0x00000000   Number         0  uldiv.o ABSOLUTE
    ../clib/microlib/init/entry.s            0x00000000   Number         0  entry10a.o ABSOLUTE
    ../clib/microlib/init/entry.s            0x00000000   Number         0  entry.o ABSOLUTE
    ../clib/microlib/init/entry.s            0x00000000   Number         0  entry11b.o ABSOLUTE
    ../clib/microlib/init/entry.s            0x00000000   Number         0  entry9b.o ABSOLUTE
    ../clib/microlib/init/entry.s            0x00000000   Number         0  entry10b.o ABSOLUTE
    ../clib/microlib/init/entry.s            0x00000000   Number         0  entry7b.o ABSOLUTE
    ../clib/microlib/init/entry.s            0x00000000   Number         0  entry7a.o ABSOLUTE
    ../clib/microlib/init/entry.s            0x00000000   Number         0  entry9a.o ABSOLUTE
    ../clib/microlib/init/entry.s            0x00000000   Number         0  entry11a.o ABSOLUTE
    ../clib/microlib/init/entry.s            0x00000000   Number         0  entry5.o ABSOLUTE
    ../clib/microlib/init/entry.s            0x00000000   Number         0  entry2.o ABSOLUTE
    ../clib/microlib/init/entry.s            0x00000000   Number         0  entry8a.o ABSOLUTE
    ../clib/microlib/init/entry.s            0x00000000   Number         0  entry8b.o ABSOLUTE
    ../clib/microlib/longlong.c              0x00000000   Number         0  llsshr.o ABSOLUTE
    ../clib/microlib/longlong.c              0x00000000   Number         0  llshl.o ABSOLUTE
    ../clib/microlib/longlong.c              0x00000000   Number         0  llushr.o ABSOLUTE
    ../clib/microlib/printf/printf.c         0x00000000   Number         0  printf7.o ABSOLUTE
    ../clib/microlib/printf/printf.c         0x00000000   Number         0  printf1.o ABSOLUTE
    ../clib/microlib/printf/printf.c         0x00000000   Number         0  printf2.o ABSOLUTE
    ../clib/microlib/printf/printf.c         0x00000000   Number         0  printf4.o ABSOLUTE
    ../clib/microlib/printf/printf.c         0x00000000   Number         0  printfb.o ABSOLUTE
    ../clib/microlib/printf/printf.c         0x00000000   Number         0  printf5.o ABSOLUTE
    ../clib/microlib/printf/printf.c         0x00000000   Number         0  printf3.o ABSOLUTE
    ../clib/microlib/printf/printf.c         0x00000000   Number         0  printf6.o ABSOLUTE
    ../clib/microlib/printf/printf.c         0x00000000   Number         0  printf8.o ABSOLUTE
    ../clib/microlib/printf/printf.c         0x00000000   Number         0  printfa.o ABSOLUTE
    ../clib/microlib/printf/printf.c         0x00000000   Number         0  printf0.o ABSOLUTE
    ../clib/microlib/printf/stubs.s          0x00000000   Number         0  stubs.o ABSOLUTE
    ../clib/microlib/string/strlen.c         0x00000000   Number         0  strlen.o ABSOLUTE
    ../clib/microlib/stubs.s                 0x00000000   Number         0  useno.o ABSOLUTE
    ../clib/microlib/stubs.s                 0x00000000   Number         0  iusefp.o ABSOLUTE
    ../fplib/microlib/d2f.c                  0x00000000   Number         0  d2f.o ABSOLUTE
    ../fplib/microlib/fpadd.c                0x00000000   Number         0  dadd.o ABSOLUTE
    ../fplib/microlib/fpdiv.c                0x00000000   Number         0  ddiv.o ABSOLUTE
    ../fplib/microlib/fpepilogue.c           0x00000000   Number         0  depilogue.o ABSOLUTE
    ../fplib/microlib/fpepilogue.c           0x00000000   Number         0  fepilogue.o ABSOLUTE
    ../fplib/microlib/fpfix.c                0x00000000   Number         0  dfixui.o ABSOLUTE
    ../fplib/microlib/fpfix.c                0x00000000   Number         0  dfixul.o ABSOLUTE
    ../fplib/microlib/fpflt.c                0x00000000   Number         0  dfltui.o ABSOLUTE
    ../fplib/microlib/fpflt.c                0x00000000   Number         0  dflti.o ABSOLUTE
    ../fplib/microlib/fpmul.c                0x00000000   Number         0  dmul.o ABSOLUTE
    ..\APP\BEEP\beep.c                       0x00000000   Number         0  beep.o ABSOLUTE
    ..\APP\EXTI\exti.c                       0x00000000   Number         0  exti.o ABSOLUTE
    ..\APP\KEY\key.c                         0x00000000   Number         0  key.o ABSOLUTE
    ..\APP\LCD\lcd.c                         0x00000000   Number         0  lcd.o ABSOLUTE
    ..\APP\LED\led.c                         0x00000000   Number         0  led.o ABSOLUTE
    ..\APP\PWM_Motor\pwm_motor.c             0x00000000   Number         0  pwm_motor.o ABSOLUTE
    ..\APP\RPLIDAR\rplidar.c                 0x00000000   Number         0  rplidar.o ABSOLUTE
    ..\APP\TIMER\timer.c                     0x00000000   Number         0  timer.o ABSOLUTE
    ..\APP\USART3\usart3.c                   0x00000000   Number         0  usart3.o ABSOLUTE
    ..\CORE\startup_stm32f40_41xxx.s         0x00000000   Number         0  startup_stm32f40_41xxx.o ABSOLUTE
    ..\FWLIB\src\misc.c                      0x00000000   Number         0  misc.o ABSOLUTE
    ..\FWLIB\src\stm32f4xx_dma.c             0x00000000   Number         0  stm32f4xx_dma.o ABSOLUTE
    ..\FWLIB\src\stm32f4xx_exti.c            0x00000000   Number         0  stm32f4xx_exti.o ABSOLUTE
    ..\FWLIB\src\stm32f4xx_fsmc.c            0x00000000   Number         0  stm32f4xx_fsmc.o ABSOLUTE
    ..\FWLIB\src\stm32f4xx_gpio.c            0x00000000   Number         0  stm32f4xx_gpio.o ABSOLUTE
    ..\FWLIB\src\stm32f4xx_rcc.c             0x00000000   Number         0  stm32f4xx_rcc.o ABSOLUTE
    ..\FWLIB\src\stm32f4xx_syscfg.c          0x00000000   Number         0  stm32f4xx_syscfg.o ABSOLUTE
    ..\FWLIB\src\stm32f4xx_tim.c             0x00000000   Number         0  stm32f4xx_tim.o ABSOLUTE
    ..\FWLIB\src\stm32f4xx_usart.c           0x00000000   Number         0  stm32f4xx_usart.o ABSOLUTE
    ..\SYSTEM\delay\delay.c                  0x00000000   Number         0  delay.o ABSOLUTE
    ..\SYSTEM\sys\sys.c                      0x00000000   Number         0  sys.o ABSOLUTE
    ..\SYSTEM\usart\usart.c                  0x00000000   Number         0  usart.o ABSOLUTE
    ..\\APP\\BEEP\\beep.c                    0x00000000   Number         0  beep.o ABSOLUTE
    ..\\APP\\EXTI\\exti.c                    0x00000000   Number         0  exti.o ABSOLUTE
    ..\\APP\\KEY\\key.c                      0x00000000   Number         0  key.o ABSOLUTE
    ..\\APP\\LCD\\lcd.c                      0x00000000   Number         0  lcd.o ABSOLUTE
    ..\\APP\\LED\\led.c                      0x00000000   Number         0  led.o ABSOLUTE
    ..\\APP\\PWM_Motor\\pwm_motor.c          0x00000000   Number         0  pwm_motor.o ABSOLUTE
    ..\\APP\\RPLIDAR\\rplidar.c              0x00000000   Number         0  rplidar.o ABSOLUTE
    ..\\APP\\TIMER\\timer.c                  0x00000000   Number         0  timer.o ABSOLUTE
    ..\\APP\\USART3\\usart3.c                0x00000000   Number         0  usart3.o ABSOLUTE
    ..\\FWLIB\\src\\misc.c                   0x00000000   Number         0  misc.o ABSOLUTE
    ..\\FWLIB\\src\\stm32f4xx_dma.c          0x00000000   Number         0  stm32f4xx_dma.o ABSOLUTE
    ..\\FWLIB\\src\\stm32f4xx_exti.c         0x00000000   Number         0  stm32f4xx_exti.o ABSOLUTE
    ..\\FWLIB\\src\\stm32f4xx_fsmc.c         0x00000000   Number         0  stm32f4xx_fsmc.o ABSOLUTE
    ..\\FWLIB\\src\\stm32f4xx_gpio.c         0x00000000   Number         0  stm32f4xx_gpio.o ABSOLUTE
    ..\\FWLIB\\src\\stm32f4xx_rcc.c          0x00000000   Number         0  stm32f4xx_rcc.o ABSOLUTE
    ..\\FWLIB\\src\\stm32f4xx_syscfg.c       0x00000000   Number         0  stm32f4xx_syscfg.o ABSOLUTE
    ..\\FWLIB\\src\\stm32f4xx_tim.c          0x00000000   Number         0  stm32f4xx_tim.o ABSOLUTE
    ..\\FWLIB\\src\\stm32f4xx_usart.c        0x00000000   Number         0  stm32f4xx_usart.o ABSOLUTE
    ..\\SYSTEM\\delay\\delay.c               0x00000000   Number         0  delay.o ABSOLUTE
    ..\\SYSTEM\\sys\\sys.c                   0x00000000   Number         0  sys.o ABSOLUTE
    ..\\SYSTEM\\usart\\usart.c               0x00000000   Number         0  usart.o ABSOLUTE
    cdrcmple.s                               0x00000000   Number         0  cdrcmple.o ABSOLUTE
    dc.s                                     0x00000000   Number         0  dc.o ABSOLUTE
    handlers.s                               0x00000000   Number         0  handlers.o ABSOLUTE
    init.s                                   0x00000000   Number         0  init.o ABSOLUTE
    main.c                                   0x00000000   Number         0  main.o ABSOLUTE
    main.c                                   0x00000000   Number         0  main.o ABSOLUTE
    stm32f4xx_it.c                           0x00000000   Number         0  stm32f4xx_it.o ABSOLUTE
    stm32f4xx_it.c                           0x00000000   Number         0  stm32f4xx_it.o ABSOLUTE
    system_stm32f4xx.c                       0x00000000   Number         0  system_stm32f4xx.o ABSOLUTE
    system_stm32f4xx.c                       0x00000000   Number         0  system_stm32f4xx.o ABSOLUTE
    RESET                                    0x08000000   Section      392  startup_stm32f40_41xxx.o(RESET)
    .ARM.Collect$$$$00000000                 0x08000188   Section        0  entry.o(.ARM.Collect$$$$00000000)
    .ARM.Collect$$$$00000001                 0x08000188   Section        4  entry2.o(.ARM.Collect$$$$00000001)
    .ARM.Collect$$$$00000004                 0x0800018c   Section        4  entry5.o(.ARM.Collect$$$$00000004)
    .ARM.Collect$$$$00000008                 0x08000190   Section        0  entry7b.o(.ARM.Collect$$$$00000008)
    .ARM.Collect$$$$0000000A                 0x08000190   Section        0  entry8b.o(.ARM.Collect$$$$0000000A)
    .ARM.Collect$$$$0000000B                 0x08000190   Section        8  entry9a.o(.ARM.Collect$$$$0000000B)
    .ARM.Collect$$$$0000000D                 0x08000198   Section        0  entry10a.o(.ARM.Collect$$$$0000000D)
    .ARM.Collect$$$$0000000F                 0x08000198   Section        0  entry11a.o(.ARM.Collect$$$$0000000F)
    .ARM.Collect$$$$00002712                 0x08000198   Section        4  entry2.o(.ARM.Collect$$$$00002712)
    __lit__00000000                          0x08000198   Data           4  entry2.o(.ARM.Collect$$$$00002712)
    .text                                    0x0800019c   Section        0  main.o(.text)
    .text                                    0x08000294   Section        0  stm32f4xx_it.o(.text)
    .text                                    0x080002b0   Section        0  system_stm32f4xx.o(.text)
    SetSysClock                              0x080002b1   Thumb Code   220  system_stm32f4xx.o(.text)
    .text                                    0x080004c0   Section       36  startup_stm32f40_41xxx.o(.text)
    $v0                                      0x080004c0   Number         0  startup_stm32f40_41xxx.o(.text)
    .text                                    0x080004e4   Section        0  stm32f4xx_gpio.o(.text)
    .text                                    0x08000778   Section        0  stm32f4xx_rcc.o(.text)
    .text                                    0x08000dd4   Section        0  stm32f4xx_syscfg.o(.text)
    .text                                    0x08000e68   Section        0  misc.o(.text)
    .text                                    0x08000f48   Section        0  stm32f4xx_usart.o(.text)
    .text                                    0x0800139c   Section        0  stm32f4xx_tim.o(.text)
    TI4_Config                               0x08001b3b   Thumb Code    80  stm32f4xx_tim.o(.text)
    TI3_Config                               0x08001b9d   Thumb Code    72  stm32f4xx_tim.o(.text)
    TI2_Config                               0x08001bff   Thumb Code    90  stm32f4xx_tim.o(.text)
    TI1_Config                               0x08001c6b   Thumb Code    58  stm32f4xx_tim.o(.text)
    .text                                    0x08002040   Section        0  stm32f4xx_exti.o(.text)
    .text                                    0x08002150   Section        0  stm32f4xx_fsmc.o(.text)
    .text                                    0x08002718   Section        0  usart.o(.text)
    .text                                    0x08002864   Section        0  delay.o(.text)
    .text                                    0x08002968   Section        0  led.o(.text)
    .text                                    0x080029a8   Section        0  usart3.o(.text)
    .text                                    0x08002b58   Section        0  timer.o(.text)
    .text                                    0x08002bd8   Section        0  beep.o(.text)
    .text                                    0x08002c3c   Section        0  key.o(.text)
    .text                                    0x08002d44   Section        0  lcd.o(.text)
    .text                                    0x080079a8   Section        0  pwm_motor.o(.text)
    .text                                    0x08007a48   Section        0  exti.o(.text)
    .text                                    0x08007c4c   Section        0  rplidar.o(.text)
    .text                                    0x08007f1c   Section        0  strlen.o(.text)
    .text                                    0x08007f2a   Section        0  dmul.o(.text)
    .text                                    0x0800800e   Section        0  ddiv.o(.text)
    .text                                    0x080080ec   Section        0  dflti.o(.text)
    .text                                    0x0800810e   Section        0  dfltui.o(.text)
    .text                                    0x08008128   Section        0  dfixui.o(.text)
    .text                                    0x0800815a   Section        0  d2f.o(.text)
    .text                                    0x08008192   Section        0  uidiv.o(.text)
    .text                                    0x080081be   Section        0  uldiv.o(.text)
    .text                                    0x08008220   Section        0  llushr.o(.text)
    .text                                    0x08008240   Section        0  fepilogue.o(.text)
    .text                                    0x08008240   Section        0  iusefp.o(.text)
    .text                                    0x080082ae   Section        0  depilogue.o(.text)
    .text                                    0x08008368   Section        0  dadd.o(.text)
    .text                                    0x080084b6   Section        0  dfixul.o(.text)
    .text                                    0x080084e8   Section       48  cdrcmple.o(.text)
    .text                                    0x08008518   Section       36  init.o(.text)
    .text                                    0x0800853c   Section        0  llshl.o(.text)
    .text                                    0x0800855a   Section        0  llsshr.o(.text)
    i.__0printf$5                            0x08008580   Section        0  printf5.o(i.__0printf$5)
    i.__0vsprintf                            0x080085a0   Section        0  printfa.o(i.__0vsprintf)
    i.__scatterload_copy                     0x080085c4   Section       14  handlers.o(i.__scatterload_copy)
    i.__scatterload_null                     0x080085d2   Section        2  handlers.o(i.__scatterload_null)
    i.__scatterload_zeroinit                 0x080085d4   Section       14  handlers.o(i.__scatterload_zeroinit)
    i._fp_digits                             0x080085e4   Section        0  printfa.o(i._fp_digits)
    _fp_digits                               0x080085e5   Thumb Code   334  printfa.o(i._fp_digits)
    i._printf_core                           0x08008748   Section        0  printf5.o(i._printf_core)
    _printf_core                             0x08008749   Thumb Code   658  printf5.o(i._printf_core)
    i._printf_core                           0x08008a08   Section        0  printfa.o(i._printf_core)
    _printf_core                             0x08008a09   Thumb Code  1744  printfa.o(i._printf_core)
    i._printf_post_padding                   0x080090e4   Section        0  printfa.o(i._printf_post_padding)
    _printf_post_padding                     0x080090e5   Thumb Code    36  printfa.o(i._printf_post_padding)
    i._printf_pre_padding                    0x08009108   Section        0  printfa.o(i._printf_pre_padding)
    _printf_pre_padding                      0x08009109   Thumb Code    46  printfa.o(i._printf_pre_padding)
    i._sputc                                 0x08009136   Section        0  printfa.o(i._sputc)
    _sputc                                   0x08009137   Thumb Code    10  printfa.o(i._sputc)
    .constdata                               0x08009140   Section       28  stm32f4xx_fsmc.o(.constdata)
    .constdata                               0x0800915c   Section     6080  lcd.o(.constdata)
    .data                                    0x20000000   Section       20  system_stm32f4xx.o(.data)
    .data                                    0x20000014   Section       16  stm32f4xx_rcc.o(.data)
    APBAHBPrescTable                         0x20000014   Data          16  stm32f4xx_rcc.o(.data)
    .data                                    0x20000024   Section        6  usart.o(.data)
    .data                                    0x2000002a   Section        4  delay.o(.data)
    fac_us                                   0x2000002a   Data           1  delay.o(.data)
    fac_ms                                   0x2000002c   Data           2  delay.o(.data)
    .data                                    0x2000002e   Section        2  usart3.o(.data)
    .data                                    0x20000030   Section        4  lcd.o(.data)
    .data                                    0x20000034   Section        2  rplidar.o(.data)
    .bss                                     0x20000038   Section     2160  main.o(.bss)
    .bss                                     0x200008a8   Section      200  usart.o(.bss)
    .bss                                     0x20000970   Section     3076  usart3.o(.bss)
    .bss                                     0x20001574   Section       14  lcd.o(.bss)
    STACK                                    0x20001588   Section     1024  startup_stm32f40_41xxx.o(STACK)

    Global Symbols

    Symbol Name                              Value     Ov Type        Size  Object(Section)

    BuildAttributes$$THM_ISAv4$E$P$D$K$B$S$7EM$VFPi3$EXTD16$VFPS$VFMA$PE$A:L22UL41UL21$X:L11$S22US41US21$IEEE1$IW$USESV6$~STKCKD$USESV7$~SHL$OTIME$ROPI$EBA8$MICROLIB$REQ8$PRES8$EABIv2 0x00000000   Number         0  anon$$obj.o ABSOLUTE
    __ARM_use_no_argv                        0x00000000   Number         0  main.o ABSOLUTE
    __use_no_errno                           0x00000000   Number         0  useno.o ABSOLUTE
    __use_no_exception_handling              0x00000000   Number         0  useno.o ABSOLUTE
    __use_no_fp                              0x00000000   Number         0  useno.o ABSOLUTE
    __use_no_heap                            0x00000000   Number         0  useno.o ABSOLUTE
    __use_no_heap_region                     0x00000000   Number         0  useno.o ABSOLUTE
    __use_no_semihosting                     0x00000000   Number         0  useno.o ABSOLUTE
    __use_no_semihosting_swi                 0x00000000   Number         0  useno.o ABSOLUTE
    __use_no_signal_handling                 0x00000000   Number         0  useno.o ABSOLUTE
    _printf_a                                0x00000000   Number         0  stubs.o ABSOLUTE
    _printf_c                                0x00000000   Number         0  stubs.o ABSOLUTE
    _printf_charcount                        0x00000000   Number         0  stubs.o ABSOLUTE
    _printf_d                                0x00000000   Number         0  stubs.o ABSOLUTE
    _printf_e                                0x00000000   Number         0  stubs.o ABSOLUTE
    _printf_f                                0x00000000   Number         0  stubs.o ABSOLUTE
    _printf_flags                            0x00000000   Number         0  stubs.o ABSOLUTE
    _printf_fp_dec                           0x00000000   Number         0  stubs.o ABSOLUTE
    _printf_fp_hex                           0x00000000   Number         0  stubs.o ABSOLUTE
    _printf_g                                0x00000000   Number         0  stubs.o ABSOLUTE
    _printf_i                                0x00000000   Number         0  stubs.o ABSOLUTE
    _printf_int_dec                          0x00000000   Number         0  stubs.o ABSOLUTE
    _printf_l                                0x00000000   Number         0  stubs.o ABSOLUTE
    _printf_lc                               0x00000000   Number         0  stubs.o ABSOLUTE
    _printf_ll                               0x00000000   Number         0  stubs.o ABSOLUTE
    _printf_lld                              0x00000000   Number         0  stubs.o ABSOLUTE
    _printf_lli                              0x00000000   Number         0  stubs.o ABSOLUTE
    _printf_llo                              0x00000000   Number         0  stubs.o ABSOLUTE
    _printf_llu                              0x00000000   Number         0  stubs.o ABSOLUTE
    _printf_llx                              0x00000000   Number         0  stubs.o ABSOLUTE
    _printf_longlong_dec                     0x00000000   Number         0  stubs.o ABSOLUTE
    _printf_longlong_hex                     0x00000000   Number         0  stubs.o ABSOLUTE
    _printf_longlong_oct                     0x00000000   Number         0  stubs.o ABSOLUTE
    _printf_ls                               0x00000000   Number         0  stubs.o ABSOLUTE
    _printf_mbtowc                           0x00000000   Number         0  stubs.o ABSOLUTE
    _printf_n                                0x00000000   Number         0  stubs.o ABSOLUTE
    _printf_o                                0x00000000   Number         0  stubs.o ABSOLUTE
    _printf_p                                0x00000000   Number         0  stubs.o ABSOLUTE
    _printf_percent                          0x00000000   Number         0  stubs.o ABSOLUTE
    _printf_pre_padding                      0x00000000   Number         0  stubs.o ABSOLUTE
    _printf_return_value                     0x00000000   Number         0  stubs.o ABSOLUTE
    _printf_s                                0x00000000   Number         0  stubs.o ABSOLUTE
    _printf_sizespec                         0x00000000   Number         0  stubs.o ABSOLUTE
    _printf_str                              0x00000000   Number         0  stubs.o ABSOLUTE
    _printf_truncate_signed                  0x00000000   Number         0  stubs.o ABSOLUTE
    _printf_truncate_unsigned                0x00000000   Number         0  stubs.o ABSOLUTE
    _printf_u                                0x00000000   Number         0  stubs.o ABSOLUTE
    _printf_wc                               0x00000000   Number         0  stubs.o ABSOLUTE
    _printf_wctomb                           0x00000000   Number         0  stubs.o ABSOLUTE
    _printf_widthprec                        0x00000000   Number         0  stubs.o ABSOLUTE
    _printf_x                                0x00000000   Number         0  stubs.o ABSOLUTE
    __cpp_initialize__aeabi_                  - Undefined Weak Reference
    __cxa_finalize                            - Undefined Weak Reference
    __decompress                              - Undefined Weak Reference
    _clock_init                               - Undefined Weak Reference
    _microlib_exit                            - Undefined Weak Reference
    __Vectors_Size                           0x00000188   Number         0  startup_stm32f40_41xxx.o ABSOLUTE
    __Vectors                                0x08000000   Data           4  startup_stm32f40_41xxx.o(RESET)
    __Vectors_End                            0x08000188   Data           0  startup_stm32f40_41xxx.o(RESET)
    __main                                   0x08000189   Thumb Code     0  entry.o(.ARM.Collect$$$$00000000)
    _main_stk                                0x08000189   Thumb Code     0  entry2.o(.ARM.Collect$$$$00000001)
    _main_scatterload                        0x0800018d   Thumb Code     0  entry5.o(.ARM.Collect$$$$00000004)
    __main_after_scatterload                 0x08000191   Thumb Code     0  entry5.o(.ARM.Collect$$$$00000004)
    _main_clock                              0x08000191   Thumb Code     0  entry7b.o(.ARM.Collect$$$$00000008)
    _main_cpp_init                           0x08000191   Thumb Code     0  entry8b.o(.ARM.Collect$$$$0000000A)
    _main_init                               0x08000191   Thumb Code     0  entry9a.o(.ARM.Collect$$$$0000000B)
    __rt_final_cpp                           0x08000199   Thumb Code     0  entry10a.o(.ARM.Collect$$$$0000000D)
    __rt_final_exit                          0x08000199   Thumb Code     0  entry11a.o(.ARM.Collect$$$$0000000F)
    Init                                     0x0800019d   Thumb Code    92  main.o(.text)
    main                                     0x080001f9   Thumb Code   132  main.o(.text)
    NMI_Handler                              0x08000295   Thumb Code     2  stm32f4xx_it.o(.text)
    HardFault_Handler                        0x08000297   Thumb Code     4  stm32f4xx_it.o(.text)
    MemManage_Handler                        0x0800029b   Thumb Code     4  stm32f4xx_it.o(.text)
    BusFault_Handler                         0x0800029f   Thumb Code     4  stm32f4xx_it.o(.text)
    UsageFault_Handler                       0x080002a3   Thumb Code     4  stm32f4xx_it.o(.text)
    SVC_Handler                              0x080002a7   Thumb Code     2  stm32f4xx_it.o(.text)
    DebugMon_Handler                         0x080002a9   Thumb Code     2  stm32f4xx_it.o(.text)
    PendSV_Handler                           0x080002ab   Thumb Code     2  stm32f4xx_it.o(.text)
    SysTick_Handler                          0x080002ad   Thumb Code     2  stm32f4xx_it.o(.text)
    SystemInit                               0x0800038d   Thumb Code    88  system_stm32f4xx.o(.text)
    SystemCoreClockUpdate                    0x080003e5   Thumb Code   174  system_stm32f4xx.o(.text)
    Reset_Handler                            0x080004c1   Thumb Code     8  startup_stm32f40_41xxx.o(.text)
    ADC_IRQHandler                           0x080004db   Thumb Code     0  startup_stm32f40_41xxx.o(.text)
    CAN1_RX0_IRQHandler                      0x080004db   Thumb Code     0  startup_stm32f40_41xxx.o(.text)
    CAN1_RX1_IRQHandler                      0x080004db   Thumb Code     0  startup_stm32f40_41xxx.o(.text)
    CAN1_SCE_IRQHandler                      0x080004db   Thumb Code     0  startup_stm32f40_41xxx.o(.text)
    CAN1_TX_IRQHandler                       0x080004db   Thumb Code     0  startup_stm32f40_41xxx.o(.text)
    CAN2_RX0_IRQHandler                      0x080004db   Thumb Code     0  startup_stm32f40_41xxx.o(.text)
    CAN2_RX1_IRQHandler                      0x080004db   Thumb Code     0  startup_stm32f40_41xxx.o(.text)
    CAN2_SCE_IRQHandler                      0x080004db   Thumb Code     0  startup_stm32f40_41xxx.o(.text)
    CAN2_TX_IRQHandler                       0x080004db   Thumb Code     0  startup_stm32f40_41xxx.o(.text)
    CRYP_IRQHandler                          0x080004db   Thumb Code     0  startup_stm32f40_41xxx.o(.text)
    DCMI_IRQHandler                          0x080004db   Thumb Code     0  startup_stm32f40_41xxx.o(.text)
    DMA1_Stream0_IRQHandler                  0x080004db   Thumb Code     0  startup_stm32f40_41xxx.o(.text)
    DMA1_Stream1_IRQHandler                  0x080004db   Thumb Code     0  startup_stm32f40_41xxx.o(.text)
    DMA1_Stream2_IRQHandler                  0x080004db   Thumb Code     0  startup_stm32f40_41xxx.o(.text)
    DMA1_Stream3_IRQHandler                  0x080004db   Thumb Code     0  startup_stm32f40_41xxx.o(.text)
    DMA1_Stream4_IRQHandler                  0x080004db   Thumb Code     0  startup_stm32f40_41xxx.o(.text)
    DMA1_Stream5_IRQHandler                  0x080004db   Thumb Code     0  startup_stm32f40_41xxx.o(.text)
    DMA1_Stream6_IRQHandler                  0x080004db   Thumb Code     0  startup_stm32f40_41xxx.o(.text)
    DMA1_Stream7_IRQHandler                  0x080004db   Thumb Code     0  startup_stm32f40_41xxx.o(.text)
    DMA2_Stream0_IRQHandler                  0x080004db   Thumb Code     0  startup_stm32f40_41xxx.o(.text)
    DMA2_Stream1_IRQHandler                  0x080004db   Thumb Code     0  startup_stm32f40_41xxx.o(.text)
    DMA2_Stream2_IRQHandler                  0x080004db   Thumb Code     0  startup_stm32f40_41xxx.o(.text)
    DMA2_Stream3_IRQHandler                  0x080004db   Thumb Code     0  startup_stm32f40_41xxx.o(.text)
    DMA2_Stream4_IRQHandler                  0x080004db   Thumb Code     0  startup_stm32f40_41xxx.o(.text)
    DMA2_Stream5_IRQHandler                  0x080004db   Thumb Code     0  startup_stm32f40_41xxx.o(.text)
    DMA2_Stream6_IRQHandler                  0x080004db   Thumb Code     0  startup_stm32f40_41xxx.o(.text)
    DMA2_Stream7_IRQHandler                  0x080004db   Thumb Code     0  startup_stm32f40_41xxx.o(.text)
    ETH_IRQHandler                           0x080004db   Thumb Code     0  startup_stm32f40_41xxx.o(.text)
    ETH_WKUP_IRQHandler                      0x080004db   Thumb Code     0  startup_stm32f40_41xxx.o(.text)
    EXTI15_10_IRQHandler                     0x080004db   Thumb Code     0  startup_stm32f40_41xxx.o(.text)
    EXTI1_IRQHandler                         0x080004db   Thumb Code     0  startup_stm32f40_41xxx.o(.text)
    EXTI9_5_IRQHandler                       0x080004db   Thumb Code     0  startup_stm32f40_41xxx.o(.text)
    FLASH_IRQHandler                         0x080004db   Thumb Code     0  startup_stm32f40_41xxx.o(.text)
    FPU_IRQHandler                           0x080004db   Thumb Code     0  startup_stm32f40_41xxx.o(.text)
    FSMC_IRQHandler                          0x080004db   Thumb Code     0  startup_stm32f40_41xxx.o(.text)
    HASH_RNG_IRQHandler                      0x080004db   Thumb Code     0  startup_stm32f40_41xxx.o(.text)
    I2C1_ER_IRQHandler                       0x080004db   Thumb Code     0  startup_stm32f40_41xxx.o(.text)
    I2C1_EV_IRQHandler                       0x080004db   Thumb Code     0  startup_stm32f40_41xxx.o(.text)
    I2C2_ER_IRQHandler                       0x080004db   Thumb Code     0  startup_stm32f40_41xxx.o(.text)
    I2C2_EV_IRQHandler                       0x080004db   Thumb Code     0  startup_stm32f40_41xxx.o(.text)
    I2C3_ER_IRQHandler                       0x080004db   Thumb Code     0  startup_stm32f40_41xxx.o(.text)
    I2C3_EV_IRQHandler                       0x080004db   Thumb Code     0  startup_stm32f40_41xxx.o(.text)
    OTG_FS_IRQHandler                        0x080004db   Thumb Code     0  startup_stm32f40_41xxx.o(.text)
    OTG_FS_WKUP_IRQHandler                   0x080004db   Thumb Code     0  startup_stm32f40_41xxx.o(.text)
    OTG_HS_EP1_IN_IRQHandler                 0x080004db   Thumb Code     0  startup_stm32f40_41xxx.o(.text)
    OTG_HS_EP1_OUT_IRQHandler                0x080004db   Thumb Code     0  startup_stm32f40_41xxx.o(.text)
    OTG_HS_IRQHandler                        0x080004db   Thumb Code     0  startup_stm32f40_41xxx.o(.text)
    OTG_HS_WKUP_IRQHandler                   0x080004db   Thumb Code     0  startup_stm32f40_41xxx.o(.text)
    PVD_IRQHandler                           0x080004db   Thumb Code     0  startup_stm32f40_41xxx.o(.text)
    RCC_IRQHandler                           0x080004db   Thumb Code     0  startup_stm32f40_41xxx.o(.text)
    RTC_Alarm_IRQHandler                     0x080004db   Thumb Code     0  startup_stm32f40_41xxx.o(.text)
    RTC_WKUP_IRQHandler                      0x080004db   Thumb Code     0  startup_stm32f40_41xxx.o(.text)
    SDIO_IRQHandler                          0x080004db   Thumb Code     0  startup_stm32f40_41xxx.o(.text)
    SPI1_IRQHandler                          0x080004db   Thumb Code     0  startup_stm32f40_41xxx.o(.text)
    SPI2_IRQHandler                          0x080004db   Thumb Code     0  startup_stm32f40_41xxx.o(.text)
    SPI3_IRQHandler                          0x080004db   Thumb Code     0  startup_stm32f40_41xxx.o(.text)
    TAMP_STAMP_IRQHandler                    0x080004db   Thumb Code     0  startup_stm32f40_41xxx.o(.text)
    TIM1_BRK_TIM9_IRQHandler                 0x080004db   Thumb Code     0  startup_stm32f40_41xxx.o(.text)
    TIM1_CC_IRQHandler                       0x080004db   Thumb Code     0  startup_stm32f40_41xxx.o(.text)
    TIM1_TRG_COM_TIM11_IRQHandler            0x080004db   Thumb Code     0  startup_stm32f40_41xxx.o(.text)
    TIM1_UP_TIM10_IRQHandler                 0x080004db   Thumb Code     0  startup_stm32f40_41xxx.o(.text)
    TIM2_IRQHandler                          0x080004db   Thumb Code     0  startup_stm32f40_41xxx.o(.text)
    TIM3_IRQHandler                          0x080004db   Thumb Code     0  startup_stm32f40_41xxx.o(.text)
    TIM4_IRQHandler                          0x080004db   Thumb Code     0  startup_stm32f40_41xxx.o(.text)
    TIM5_IRQHandler                          0x080004db   Thumb Code     0  startup_stm32f40_41xxx.o(.text)
    TIM6_DAC_IRQHandler                      0x080004db   Thumb Code     0  startup_stm32f40_41xxx.o(.text)
    TIM8_BRK_TIM12_IRQHandler                0x080004db   Thumb Code     0  startup_stm32f40_41xxx.o(.text)
    TIM8_CC_IRQHandler                       0x080004db   Thumb Code     0  startup_stm32f40_41xxx.o(.text)
    TIM8_TRG_COM_TIM14_IRQHandler            0x080004db   Thumb Code     0  startup_stm32f40_41xxx.o(.text)
    TIM8_UP_TIM13_IRQHandler                 0x080004db   Thumb Code     0  startup_stm32f40_41xxx.o(.text)
    UART4_IRQHandler                         0x080004db   Thumb Code     0  startup_stm32f40_41xxx.o(.text)
    UART5_IRQHandler                         0x080004db   Thumb Code     0  startup_stm32f40_41xxx.o(.text)
    USART2_IRQHandler                        0x080004db   Thumb Code     0  startup_stm32f40_41xxx.o(.text)
    USART6_IRQHandler                        0x080004db   Thumb Code     0  startup_stm32f40_41xxx.o(.text)
    WWDG_IRQHandler                          0x080004db   Thumb Code     0  startup_stm32f40_41xxx.o(.text)
    GPIO_DeInit                              0x080004e5   Thumb Code   268  stm32f4xx_gpio.o(.text)
    GPIO_Init                                0x080005f1   Thumb Code   144  stm32f4xx_gpio.o(.text)
    GPIO_StructInit                          0x08000681   Thumb Code    18  stm32f4xx_gpio.o(.text)
    GPIO_PinLockConfig                       0x08000693   Thumb Code    34  stm32f4xx_gpio.o(.text)
    GPIO_ReadInputDataBit                    0x080006b5   Thumb Code    18  stm32f4xx_gpio.o(.text)
    GPIO_ReadInputData                       0x080006c7   Thumb Code     8  stm32f4xx_gpio.o(.text)
    GPIO_ReadOutputDataBit                   0x080006cf   Thumb Code    18  stm32f4xx_gpio.o(.text)
    GPIO_ReadOutputData                      0x080006e1   Thumb Code     8  stm32f4xx_gpio.o(.text)
    GPIO_SetBits                             0x080006e9   Thumb Code     4  stm32f4xx_gpio.o(.text)
    GPIO_ResetBits                           0x080006ed   Thumb Code     4  stm32f4xx_gpio.o(.text)
    GPIO_WriteBit                            0x080006f1   Thumb Code    10  stm32f4xx_gpio.o(.text)
    GPIO_Write                               0x080006fb   Thumb Code     4  stm32f4xx_gpio.o(.text)
    GPIO_ToggleBits                          0x080006ff   Thumb Code     8  stm32f4xx_gpio.o(.text)
    GPIO_PinAFConfig                         0x08000707   Thumb Code    70  stm32f4xx_gpio.o(.text)
    RCC_DeInit                               0x08000779   Thumb Code    82  stm32f4xx_rcc.o(.text)
    RCC_HSEConfig                            0x080007cb   Thumb Code    14  stm32f4xx_rcc.o(.text)
    RCC_GetFlagStatus                        0x080007d9   Thumb Code    60  stm32f4xx_rcc.o(.text)
    RCC_WaitForHSEStartUp                    0x08000815   Thumb Code    56  stm32f4xx_rcc.o(.text)
    RCC_AdjustHSICalibrationValue            0x0800084d   Thumb Code    20  stm32f4xx_rcc.o(.text)
    RCC_HSICmd                               0x08000861   Thumb Code     6  stm32f4xx_rcc.o(.text)
    RCC_LSEConfig                            0x08000867   Thumb Code    46  stm32f4xx_rcc.o(.text)
    RCC_LSICmd                               0x08000895   Thumb Code     6  stm32f4xx_rcc.o(.text)
    RCC_PLLConfig                            0x0800089b   Thumb Code    32  stm32f4xx_rcc.o(.text)
    RCC_PLLCmd                               0x080008bb   Thumb Code     6  stm32f4xx_rcc.o(.text)
    RCC_PLLI2SConfig                         0x080008c1   Thumb Code    14  stm32f4xx_rcc.o(.text)
    RCC_PLLI2SCmd                            0x080008cf   Thumb Code     6  stm32f4xx_rcc.o(.text)
    RCC_PLLSAIConfig                         0x080008d5   Thumb Code    20  stm32f4xx_rcc.o(.text)
    RCC_PLLSAICmd                            0x080008e9   Thumb Code     6  stm32f4xx_rcc.o(.text)
    RCC_ClockSecuritySystemCmd               0x080008ef   Thumb Code     6  stm32f4xx_rcc.o(.text)
    RCC_MCO1Config                           0x080008f5   Thumb Code    28  stm32f4xx_rcc.o(.text)
    RCC_MCO2Config                           0x08000911   Thumb Code    28  stm32f4xx_rcc.o(.text)
    RCC_SYSCLKConfig                         0x0800092d   Thumb Code    20  stm32f4xx_rcc.o(.text)
    RCC_GetSYSCLKSource                      0x08000941   Thumb Code    12  stm32f4xx_rcc.o(.text)
    RCC_HCLKConfig                           0x0800094d   Thumb Code    20  stm32f4xx_rcc.o(.text)
    RCC_PCLK1Config                          0x08000961   Thumb Code    20  stm32f4xx_rcc.o(.text)
    RCC_PCLK2Config                          0x08000975   Thumb Code    22  stm32f4xx_rcc.o(.text)
    RCC_GetClocksFreq                        0x0800098b   Thumb Code   222  stm32f4xx_rcc.o(.text)
    RCC_RTCCLKConfig                         0x08000a69   Thumb Code    54  stm32f4xx_rcc.o(.text)
    RCC_RTCCLKCmd                            0x08000a9f   Thumb Code     8  stm32f4xx_rcc.o(.text)
    RCC_BackupResetCmd                       0x08000aa7   Thumb Code     8  stm32f4xx_rcc.o(.text)
    RCC_I2SCLKConfig                         0x08000aaf   Thumb Code     6  stm32f4xx_rcc.o(.text)
    RCC_SAIPLLI2SClkDivConfig                0x08000ab5   Thumb Code    26  stm32f4xx_rcc.o(.text)
    RCC_SAIPLLSAIClkDivConfig                0x08000acf   Thumb Code    28  stm32f4xx_rcc.o(.text)
    RCC_SAIBlockACLKConfig                   0x08000aeb   Thumb Code    20  stm32f4xx_rcc.o(.text)
    RCC_SAIBlockBCLKConfig                   0x08000aff   Thumb Code    20  stm32f4xx_rcc.o(.text)
    RCC_LTDCCLKDivConfig                     0x08000b13   Thumb Code    20  stm32f4xx_rcc.o(.text)
    RCC_TIMCLKPresConfig                     0x08000b27   Thumb Code     6  stm32f4xx_rcc.o(.text)
    RCC_AHB1PeriphClockCmd                   0x08000b2d   Thumb Code    34  stm32f4xx_rcc.o(.text)
    RCC_AHB2PeriphClockCmd                   0x08000b4f   Thumb Code    78  stm32f4xx_rcc.o(.text)
    RCC_AHB3PeriphClockCmd                   0x08000b9d   Thumb Code    34  stm32f4xx_rcc.o(.text)
    RCC_APB1PeriphClockCmd                   0x08000bbf   Thumb Code    34  stm32f4xx_rcc.o(.text)
    RCC_APB2PeriphClockCmd                   0x08000be1   Thumb Code    34  stm32f4xx_rcc.o(.text)
    RCC_AHB1PeriphResetCmd                   0x08000c03   Thumb Code    34  stm32f4xx_rcc.o(.text)
    RCC_AHB2PeriphResetCmd                   0x08000c25   Thumb Code    34  stm32f4xx_rcc.o(.text)
    RCC_AHB3PeriphResetCmd                   0x08000c47   Thumb Code    34  stm32f4xx_rcc.o(.text)
    RCC_APB1PeriphResetCmd                   0x08000c69   Thumb Code    34  stm32f4xx_rcc.o(.text)
    RCC_APB2PeriphResetCmd                   0x08000c8b   Thumb Code    34  stm32f4xx_rcc.o(.text)
    RCC_AHB1PeriphClockLPModeCmd             0x08000cad   Thumb Code    34  stm32f4xx_rcc.o(.text)
    RCC_AHB2PeriphClockLPModeCmd             0x08000ccf   Thumb Code    34  stm32f4xx_rcc.o(.text)
    RCC_AHB3PeriphClockLPModeCmd             0x08000cf1   Thumb Code    34  stm32f4xx_rcc.o(.text)
    RCC_APB1PeriphClockLPModeCmd             0x08000d13   Thumb Code    34  stm32f4xx_rcc.o(.text)
    RCC_APB2PeriphClockLPModeCmd             0x08000d35   Thumb Code    34  stm32f4xx_rcc.o(.text)
    RCC_LSEModeConfig                        0x08000d57   Thumb Code    40  stm32f4xx_rcc.o(.text)
    RCC_ITConfig                             0x08000d7f   Thumb Code    34  stm32f4xx_rcc.o(.text)
    RCC_ClearFlag                            0x08000da1   Thumb Code    18  stm32f4xx_rcc.o(.text)
    RCC_GetITStatus                          0x08000db3   Thumb Code    22  stm32f4xx_rcc.o(.text)
    RCC_ClearITPendingBit                    0x08000dc9   Thumb Code     8  stm32f4xx_rcc.o(.text)
    SYSCFG_DeInit                            0x08000dd5   Thumb Code    22  stm32f4xx_syscfg.o(.text)
    SYSCFG_MemoryRemapConfig                 0x08000deb   Thumb Code     6  stm32f4xx_syscfg.o(.text)
    SYSCFG_MemorySwappingBank                0x08000df1   Thumb Code     6  stm32f4xx_syscfg.o(.text)
    SYSCFG_EXTILineConfig                    0x08000df7   Thumb Code    66  stm32f4xx_syscfg.o(.text)
    SYSCFG_ETH_MediaInterfaceConfig          0x08000e39   Thumb Code     8  stm32f4xx_syscfg.o(.text)
    SYSCFG_CompensationCellCmd               0x08000e41   Thumb Code     6  stm32f4xx_syscfg.o(.text)
    SYSCFG_GetCompensationCellStatus         0x08000e47   Thumb Code    22  stm32f4xx_syscfg.o(.text)
    NVIC_PriorityGroupConfig                 0x08000e69   Thumb Code    10  misc.o(.text)
    NVIC_Init                                0x08000e73   Thumb Code   106  misc.o(.text)
    NVIC_SetVectorTable                      0x08000edd   Thumb Code    14  misc.o(.text)
    NVIC_SystemLPConfig                      0x08000eeb   Thumb Code    34  misc.o(.text)
    SysTick_CLKSourceConfig                  0x08000f0d   Thumb Code    40  misc.o(.text)
    USART_DeInit                             0x08000f49   Thumb Code   206  stm32f4xx_usart.o(.text)
    USART_Init                               0x08001017   Thumb Code   204  stm32f4xx_usart.o(.text)
    USART_StructInit                         0x080010e3   Thumb Code    24  stm32f4xx_usart.o(.text)
    USART_ClockInit                          0x080010fb   Thumb Code    32  stm32f4xx_usart.o(.text)
    USART_ClockStructInit                    0x0800111b   Thumb Code    12  stm32f4xx_usart.o(.text)
    USART_Cmd                                0x08001127   Thumb Code    24  stm32f4xx_usart.o(.text)
    USART_SetPrescaler                       0x0800113f   Thumb Code    16  stm32f4xx_usart.o(.text)
    USART_OverSampling8Cmd                   0x0800114f   Thumb Code    22  stm32f4xx_usart.o(.text)
    USART_OneBitMethodCmd                    0x08001165   Thumb Code    24  stm32f4xx_usart.o(.text)
    USART_SendData                           0x0800117d   Thumb Code     8  stm32f4xx_usart.o(.text)
    USART_ReceiveData                        0x08001185   Thumb Code    10  stm32f4xx_usart.o(.text)
    USART_SetAddress                         0x0800118f   Thumb Code    18  stm32f4xx_usart.o(.text)
    USART_ReceiverWakeUpCmd                  0x080011a1   Thumb Code    24  stm32f4xx_usart.o(.text)
    USART_WakeUpConfig                       0x080011b9   Thumb Code    18  stm32f4xx_usart.o(.text)
    USART_LINBreakDetectLengthConfig         0x080011cb   Thumb Code    18  stm32f4xx_usart.o(.text)
    USART_LINCmd                             0x080011dd   Thumb Code    24  stm32f4xx_usart.o(.text)
    USART_SendBreak                          0x080011f5   Thumb Code    10  stm32f4xx_usart.o(.text)
    USART_HalfDuplexCmd                      0x080011ff   Thumb Code    24  stm32f4xx_usart.o(.text)
    USART_SetGuardTime                       0x08001217   Thumb Code    16  stm32f4xx_usart.o(.text)
    USART_SmartCardCmd                       0x08001227   Thumb Code    24  stm32f4xx_usart.o(.text)
    USART_SmartCardNACKCmd                   0x0800123f   Thumb Code    24  stm32f4xx_usart.o(.text)
    USART_IrDAConfig                         0x08001257   Thumb Code    18  stm32f4xx_usart.o(.text)
    USART_IrDACmd                            0x08001269   Thumb Code    24  stm32f4xx_usart.o(.text)
    USART_DMACmd                             0x08001281   Thumb Code    18  stm32f4xx_usart.o(.text)
    USART_ITConfig                           0x08001293   Thumb Code    74  stm32f4xx_usart.o(.text)
    USART_GetFlagStatus                      0x080012dd   Thumb Code    26  stm32f4xx_usart.o(.text)
    USART_ClearFlag                          0x080012f7   Thumb Code    18  stm32f4xx_usart.o(.text)
    USART_GetITStatus                        0x08001309   Thumb Code   118  stm32f4xx_usart.o(.text)
    USART_ClearITPendingBit                  0x0800137f   Thumb Code    30  stm32f4xx_usart.o(.text)
    TIM_DeInit                               0x0800139d   Thumb Code   346  stm32f4xx_tim.o(.text)
    TIM_TimeBaseInit                         0x080014f7   Thumb Code   104  stm32f4xx_tim.o(.text)
    TIM_TimeBaseStructInit                   0x0800155f   Thumb Code    18  stm32f4xx_tim.o(.text)
    TIM_PrescalerConfig                      0x08001571   Thumb Code     6  stm32f4xx_tim.o(.text)
    TIM_CounterModeConfig                    0x08001577   Thumb Code    18  stm32f4xx_tim.o(.text)
    TIM_SetCounter                           0x08001589   Thumb Code     4  stm32f4xx_tim.o(.text)
    TIM_SetAutoreload                        0x0800158d   Thumb Code     4  stm32f4xx_tim.o(.text)
    TIM_GetCounter                           0x08001591   Thumb Code     6  stm32f4xx_tim.o(.text)
    TIM_GetPrescaler                         0x08001597   Thumb Code     6  stm32f4xx_tim.o(.text)
    TIM_UpdateDisableConfig                  0x0800159d   Thumb Code    24  stm32f4xx_tim.o(.text)
    TIM_UpdateRequestConfig                  0x080015b5   Thumb Code    24  stm32f4xx_tim.o(.text)
    TIM_ARRPreloadConfig                     0x080015cd   Thumb Code    24  stm32f4xx_tim.o(.text)
    TIM_SelectOnePulseMode                   0x080015e5   Thumb Code    18  stm32f4xx_tim.o(.text)
    TIM_SetClockDivision                     0x080015f7   Thumb Code    18  stm32f4xx_tim.o(.text)
    TIM_Cmd                                  0x08001609   Thumb Code    24  stm32f4xx_tim.o(.text)
    TIM_OC1Init                              0x08001621   Thumb Code   114  stm32f4xx_tim.o(.text)
    TIM_OC2Init                              0x08001693   Thumb Code   154  stm32f4xx_tim.o(.text)
    TIM_OC3Init                              0x0800172d   Thumb Code   204  stm32f4xx_tim.o(.text)
    TIM_OC4Init                              0x080017f9   Thumb Code   112  stm32f4xx_tim.o(.text)
    TIM_OCStructInit                         0x08001869   Thumb Code    20  stm32f4xx_tim.o(.text)
    TIM_SelectOCxM                           0x0800187d   Thumb Code    86  stm32f4xx_tim.o(.text)
    TIM_SetCompare1                          0x080018d3   Thumb Code     4  stm32f4xx_tim.o(.text)
    TIM_SetCompare2                          0x080018d7   Thumb Code     4  stm32f4xx_tim.o(.text)
    TIM_SetCompare3                          0x080018db   Thumb Code     4  stm32f4xx_tim.o(.text)
    TIM_SetCompare4                          0x080018df   Thumb Code     4  stm32f4xx_tim.o(.text)
    TIM_ForcedOC1Config                      0x080018e3   Thumb Code    18  stm32f4xx_tim.o(.text)
    TIM_ForcedOC2Config                      0x080018f5   Thumb Code    26  stm32f4xx_tim.o(.text)
    TIM_ForcedOC3Config                      0x0800190f   Thumb Code    18  stm32f4xx_tim.o(.text)
    TIM_ForcedOC4Config                      0x08001921   Thumb Code    26  stm32f4xx_tim.o(.text)
    TIM_OC1PreloadConfig                     0x0800193b   Thumb Code    18  stm32f4xx_tim.o(.text)
    TIM_OC2PreloadConfig                     0x0800194d   Thumb Code    26  stm32f4xx_tim.o(.text)
    TIM_OC3PreloadConfig                     0x08001967   Thumb Code    18  stm32f4xx_tim.o(.text)
    TIM_OC4PreloadConfig                     0x08001979   Thumb Code    26  stm32f4xx_tim.o(.text)
    TIM_OC1FastConfig                        0x08001993   Thumb Code    18  stm32f4xx_tim.o(.text)
    TIM_OC2FastConfig                        0x080019a5   Thumb Code    26  stm32f4xx_tim.o(.text)
    TIM_OC3FastConfig                        0x080019bf   Thumb Code    18  stm32f4xx_tim.o(.text)
    TIM_OC4FastConfig                        0x080019d1   Thumb Code    26  stm32f4xx_tim.o(.text)
    TIM_ClearOC1Ref                          0x080019eb   Thumb Code    18  stm32f4xx_tim.o(.text)
    TIM_ClearOC2Ref                          0x080019fd   Thumb Code    24  stm32f4xx_tim.o(.text)
    TIM_ClearOC3Ref                          0x08001a15   Thumb Code    18  stm32f4xx_tim.o(.text)
    TIM_ClearOC4Ref                          0x08001a27   Thumb Code    24  stm32f4xx_tim.o(.text)
    TIM_OC1PolarityConfig                    0x08001a3f   Thumb Code    18  stm32f4xx_tim.o(.text)
    TIM_OC1NPolarityConfig                   0x08001a51   Thumb Code    18  stm32f4xx_tim.o(.text)
    TIM_OC2PolarityConfig                    0x08001a63   Thumb Code    26  stm32f4xx_tim.o(.text)
    TIM_OC2NPolarityConfig                   0x08001a7d   Thumb Code    26  stm32f4xx_tim.o(.text)
    TIM_OC3PolarityConfig                    0x08001a97   Thumb Code    26  stm32f4xx_tim.o(.text)
    TIM_OC3NPolarityConfig                   0x08001ab1   Thumb Code    26  stm32f4xx_tim.o(.text)
    TIM_OC4PolarityConfig                    0x08001acb   Thumb Code    26  stm32f4xx_tim.o(.text)
    TIM_CCxCmd                               0x08001ae5   Thumb Code    30  stm32f4xx_tim.o(.text)
    TIM_CCxNCmd                              0x08001b03   Thumb Code    30  stm32f4xx_tim.o(.text)
    TIM_SetIC4Prescaler                      0x08001b21   Thumb Code    26  stm32f4xx_tim.o(.text)
    TIM_SetIC3Prescaler                      0x08001b8b   Thumb Code    18  stm32f4xx_tim.o(.text)
    TIM_SetIC2Prescaler                      0x08001be5   Thumb Code    26  stm32f4xx_tim.o(.text)
    TIM_SetIC1Prescaler                      0x08001c59   Thumb Code    18  stm32f4xx_tim.o(.text)
    TIM_ICInit                               0x08001ca5   Thumb Code   110  stm32f4xx_tim.o(.text)
    TIM_ICStructInit                         0x08001d13   Thumb Code    18  stm32f4xx_tim.o(.text)
    TIM_PWMIConfig                           0x08001d25   Thumb Code   124  stm32f4xx_tim.o(.text)
    TIM_GetCapture1                          0x08001da1   Thumb Code     6  stm32f4xx_tim.o(.text)
    TIM_GetCapture2                          0x08001da7   Thumb Code     6  stm32f4xx_tim.o(.text)
    TIM_GetCapture3                          0x08001dad   Thumb Code     6  stm32f4xx_tim.o(.text)
    TIM_GetCapture4                          0x08001db3   Thumb Code     6  stm32f4xx_tim.o(.text)
    TIM_BDTRConfig                           0x08001db9   Thumb Code    32  stm32f4xx_tim.o(.text)
    TIM_BDTRStructInit                       0x08001dd9   Thumb Code    18  stm32f4xx_tim.o(.text)
    TIM_CtrlPWMOutputs                       0x08001deb   Thumb Code    30  stm32f4xx_tim.o(.text)
    TIM_SelectCOM                            0x08001e09   Thumb Code    24  stm32f4xx_tim.o(.text)
    TIM_CCPreloadControl                     0x08001e21   Thumb Code    24  stm32f4xx_tim.o(.text)
    TIM_ITConfig                             0x08001e39   Thumb Code    18  stm32f4xx_tim.o(.text)
    TIM_GenerateEvent                        0x08001e4b   Thumb Code     4  stm32f4xx_tim.o(.text)
    TIM_GetFlagStatus                        0x08001e4f   Thumb Code    18  stm32f4xx_tim.o(.text)
    TIM_ClearFlag                            0x08001e61   Thumb Code     6  stm32f4xx_tim.o(.text)
    TIM_GetITStatus                          0x08001e67   Thumb Code    34  stm32f4xx_tim.o(.text)
    TIM_ClearITPendingBit                    0x08001e89   Thumb Code     6  stm32f4xx_tim.o(.text)
    TIM_DMAConfig                            0x08001e8f   Thumb Code    10  stm32f4xx_tim.o(.text)
    TIM_DMACmd                               0x08001e99   Thumb Code    18  stm32f4xx_tim.o(.text)
    TIM_SelectCCDMA                          0x08001eab   Thumb Code    24  stm32f4xx_tim.o(.text)
    TIM_InternalClockConfig                  0x08001ec3   Thumb Code    12  stm32f4xx_tim.o(.text)
    TIM_SelectInputTrigger                   0x08001ecf   Thumb Code    18  stm32f4xx_tim.o(.text)
    TIM_ITRxExternalClockConfig              0x08001ee1   Thumb Code    24  stm32f4xx_tim.o(.text)
    TIM_TIxExternalClockConfig               0x08001ef9   Thumb Code    62  stm32f4xx_tim.o(.text)
    TIM_ETRConfig                            0x08001f37   Thumb Code    28  stm32f4xx_tim.o(.text)
    TIM_ETRClockMode1Config                  0x08001f53   Thumb Code    54  stm32f4xx_tim.o(.text)
    TIM_ETRClockMode2Config                  0x08001f89   Thumb Code    32  stm32f4xx_tim.o(.text)
    TIM_SelectOutputTrigger                  0x08001fa9   Thumb Code    18  stm32f4xx_tim.o(.text)
    TIM_SelectSlaveMode                      0x08001fbb   Thumb Code    18  stm32f4xx_tim.o(.text)
    TIM_SelectMasterSlaveMode                0x08001fcd   Thumb Code    18  stm32f4xx_tim.o(.text)
    TIM_EncoderInterfaceConfig               0x08001fdf   Thumb Code    66  stm32f4xx_tim.o(.text)
    TIM_SelectHallSensor                     0x08002021   Thumb Code    24  stm32f4xx_tim.o(.text)
    TIM_RemapConfig                          0x08002039   Thumb Code     6  stm32f4xx_tim.o(.text)
    EXTI_DeInit                              0x08002041   Thumb Code    28  stm32f4xx_exti.o(.text)
    EXTI_Init                                0x0800205d   Thumb Code   142  stm32f4xx_exti.o(.text)
    EXTI_StructInit                          0x080020eb   Thumb Code    16  stm32f4xx_exti.o(.text)
    EXTI_GenerateSWInterrupt                 0x080020fb   Thumb Code    16  stm32f4xx_exti.o(.text)
    EXTI_GetFlagStatus                       0x0800210b   Thumb Code    22  stm32f4xx_exti.o(.text)
    EXTI_ClearFlag                           0x08002121   Thumb Code     8  stm32f4xx_exti.o(.text)
    EXTI_GetITStatus                         0x08002129   Thumb Code    22  stm32f4xx_exti.o(.text)
    EXTI_ClearITPendingBit                   0x0800213f   Thumb Code     8  stm32f4xx_exti.o(.text)
    FSMC_NORSRAMDeInit                       0x08002151   Thumb Code    54  stm32f4xx_fsmc.o(.text)
    FSMC_NORSRAMInit                         0x08002187   Thumb Code   230  stm32f4xx_fsmc.o(.text)
    FSMC_NORSRAMStructInit                   0x0800226d   Thumb Code    48  stm32f4xx_fsmc.o(.text)
    FSMC_NORSRAMCmd                          0x0800229d   Thumb Code    46  stm32f4xx_fsmc.o(.text)
    FSMC_NANDDeInit                          0x080022cb   Thumb Code    62  stm32f4xx_fsmc.o(.text)
    FSMC_NANDInit                            0x08002309   Thumb Code   132  stm32f4xx_fsmc.o(.text)
    FSMC_NANDStructInit                      0x0800238d   Thumb Code    54  stm32f4xx_fsmc.o(.text)
    FSMC_NANDCmd                             0x080023c3   Thumb Code    86  stm32f4xx_fsmc.o(.text)
    FSMC_NANDECCCmd                          0x08002419   Thumb Code    86  stm32f4xx_fsmc.o(.text)
    FSMC_GetECC                              0x0800246f   Thumb Code    24  stm32f4xx_fsmc.o(.text)
    FSMC_PCCARDDeInit                        0x08002487   Thumb Code    36  stm32f4xx_fsmc.o(.text)
    FSMC_PCCARDInit                          0x080024ab   Thumb Code   130  stm32f4xx_fsmc.o(.text)
    FSMC_PCCARDStructInit                    0x0800252d   Thumb Code    60  stm32f4xx_fsmc.o(.text)
    FSMC_PCCARDCmd                           0x08002569   Thumb Code    44  stm32f4xx_fsmc.o(.text)
    FSMC_ITConfig                            0x08002595   Thumb Code   128  stm32f4xx_fsmc.o(.text)
    FSMC_GetFlagStatus                       0x08002615   Thumb Code    54  stm32f4xx_fsmc.o(.text)
    FSMC_ClearFlag                           0x0800264b   Thumb Code    74  stm32f4xx_fsmc.o(.text)
    FSMC_GetITStatus                         0x08002695   Thumb Code    62  stm32f4xx_fsmc.o(.text)
    FSMC_ClearITPendingBit                   0x080026d3   Thumb Code    66  stm32f4xx_fsmc.o(.text)
    _sys_exit                                0x08002719   Thumb Code     6  usart.o(.text)
    fputc                                    0x0800271f   Thumb Code    22  usart.o(.text)
    uart_init                                0x08002735   Thumb Code   164  usart.o(.text)
    USART1_IRQHandler                        0x080027d9   Thumb Code   122  usart.o(.text)
    delay_init                               0x08002865   Thumb Code    52  delay.o(.text)
    delay_us                                 0x08002899   Thumb Code    72  delay.o(.text)
    delay_xms                                0x080028e1   Thumb Code    72  delay.o(.text)
    delay_ms                                 0x08002929   Thumb Code    56  delay.o(.text)
    Led_Init                                 0x08002969   Thumb Code    60  led.o(.text)
    USART3_IRQHandler                        0x080029a9   Thumb Code   136  usart3.o(.text)
    usart3_init                              0x08002a31   Thumb Code   196  usart3.o(.text)
    u3_printf                                0x08002af5   Thumb Code    72  usart3.o(.text)
    TIM7_IRQHandler                          0x08002b59   Thumb Code    42  timer.o(.text)
    TIM7_Int_Init                            0x08002b83   Thumb Code    78  timer.o(.text)
    Beep_Init                                0x08002bd9   Thumb Code    66  beep.o(.text)
    Beep_Bi                                  0x08002c1b   Thumb Code    30  beep.o(.text)
    Key_Init                                 0x08002c3d   Thumb Code    68  key.o(.text)
    Key_Scan                                 0x08002c81   Thumb Code   186  key.o(.text)
    LCD_WR_REG                               0x08002d45   Thumb Code    18  lcd.o(.text)
    LCD_WR_DATA                              0x08002d57   Thumb Code    20  lcd.o(.text)
    LCD_RD_DATA                              0x08002d6b   Thumb Code    16  lcd.o(.text)
    LCD_WriteReg                             0x08002d7b   Thumb Code    14  lcd.o(.text)
    LCD_ReadReg                              0x08002d89   Thumb Code    22  lcd.o(.text)
    LCD_WriteRAM_Prepare                     0x08002d9f   Thumb Code    10  lcd.o(.text)
    LCD_WriteRAM                             0x08002da9   Thumb Code     8  lcd.o(.text)
    LCD_BGR2RGB                              0x08002db1   Thumb Code    26  lcd.o(.text)
    opt_delay                                0x08002dcb   Thumb Code    14  lcd.o(.text)
    LCD_SetCursor                            0x08002dd9   Thumb Code   418  lcd.o(.text)
    LCD_ReadPoint                            0x08002f7b   Thumb Code   360  lcd.o(.text)
    LCD_DisplayOn                            0x080030e3   Thumb Code   102  lcd.o(.text)
    LCD_DisplayOff                           0x08003149   Thumb Code    90  lcd.o(.text)
    LCD_Scan_Dir                             0x080031a3   Thumb Code   744  lcd.o(.text)
    LCD_DrawPoint                            0x0800348b   Thumb Code    28  lcd.o(.text)
    LCD_Fast_DrawPoint                       0x080034a7   Thumb Code   388  lcd.o(.text)
    LCD_SSD_BackLightSet                     0x0800362b   Thumb Code    88  lcd.o(.text)
    LCD_Display_Dir                          0x08003683   Thumb Code   444  lcd.o(.text)
    LCD_Set_Window                           0x0800383f   Thumb Code   546  lcd.o(.text)
    LCD_Clear                                0x08003a61   Thumb Code   100  lcd.o(.text)
    LCD_Init                                 0x08003ac5   Thumb Code 14668  lcd.o(.text)
    LCD_Fill                                 0x08007411   Thumb Code   180  lcd.o(.text)
    LCD_Color_Fill                           0x080074c5   Thumb Code   100  lcd.o(.text)
    LCD_DrawLine                             0x08007529   Thumb Code   176  lcd.o(.text)
    LCD_DrawRectangle                        0x080075d9   Thumb Code    60  lcd.o(.text)
    LCD_Draw_Circle                          0x08007615   Thumb Code   152  lcd.o(.text)
    LCD_ShowChar                             0x080076ad   Thumb Code   272  lcd.o(.text)
    LCD_Pow                                  0x080077bd   Thumb Code    22  lcd.o(.text)
    LCD_ShowNum                              0x080077d3   Thumb Code   148  lcd.o(.text)
    LCD_ShowxNum                             0x08007867   Thumb Code   220  lcd.o(.text)
    LCD_ShowString                           0x08007943   Thumb Code   102  lcd.o(.text)
    Pwm_Init                                 0x080079a9   Thumb Code   150  pwm_motor.o(.text)
    Exti_Init                                0x08007a49   Thumb Code   276  exti.o(.text)
    EXTI0_IRQHandler                         0x08007b5d   Thumb Code    62  exti.o(.text)
    EXTI2_IRQHandler                         0x08007b9b   Thumb Code    46  exti.o(.text)
    EXTI3_IRQHandler                         0x08007bc9   Thumb Code    66  exti.o(.text)
    EXTI4_IRQHandler                         0x08007c0b   Thumb Code    46  exti.o(.text)
    Send_Cmd                                 0x08007c4d   Thumb Code    44  rplidar.o(.text)
    Rplidar_BuildGroups                      0x08007c79   Thumb Code   130  rplidar.o(.text)
    Rplidar_SendData                         0x08007cfb   Thumb Code   232  rplidar.o(.text)
    Rplidar_Manage_Data                      0x08007de3   Thumb Code   276  rplidar.o(.text)
    strlen                                   0x08007f1d   Thumb Code    14  strlen.o(.text)
    __aeabi_dmul                             0x08007f2b   Thumb Code   228  dmul.o(.text)
    __aeabi_ddiv                             0x0800800f   Thumb Code   222  ddiv.o(.text)
    __aeabi_i2d                              0x080080ed   Thumb Code    34  dflti.o(.text)
    __aeabi_ui2d                             0x0800810f   Thumb Code    26  dfltui.o(.text)
    __aeabi_d2uiz                            0x08008129   Thumb Code    50  dfixui.o(.text)
    __aeabi_d2f                              0x0800815b   Thumb Code    56  d2f.o(.text)
    __aeabi_uidiv                            0x08008193   Thumb Code     0  uidiv.o(.text)
    __aeabi_uidivmod                         0x08008193   Thumb Code    44  uidiv.o(.text)
    __aeabi_uldivmod                         0x080081bf   Thumb Code    98  uldiv.o(.text)
    __aeabi_llsr                             0x08008221   Thumb Code    32  llushr.o(.text)
    _ll_ushift_r                             0x08008221   Thumb Code     0  llushr.o(.text)
    __I$use$fp                               0x08008241   Thumb Code     0  iusefp.o(.text)
    _float_round                             0x08008241   Thumb Code    18  fepilogue.o(.text)
    _float_epilogue                          0x08008253   Thumb Code    92  fepilogue.o(.text)
    _double_round                            0x080082af   Thumb Code    30  depilogue.o(.text)
    _double_epilogue                         0x080082cd   Thumb Code   156  depilogue.o(.text)
    __aeabi_dadd                             0x08008369   Thumb Code   322  dadd.o(.text)
    __aeabi_dsub                             0x080084ab   Thumb Code     6  dadd.o(.text)
    __aeabi_drsub                            0x080084b1   Thumb Code     6  dadd.o(.text)
    __aeabi_d2ulz                            0x080084b7   Thumb Code    48  dfixul.o(.text)
    __aeabi_cdrcmple                         0x080084e9   Thumb Code    48  cdrcmple.o(.text)
    __scatterload                            0x08008519   Thumb Code    28  init.o(.text)
    __scatterload_rt2                        0x08008519   Thumb Code     0  init.o(.text)
    __aeabi_llsl                             0x0800853d   Thumb Code    30  llshl.o(.text)
    _ll_shift_l                              0x0800853d   Thumb Code     0  llshl.o(.text)
    __aeabi_lasr                             0x0800855b   Thumb Code    36  llsshr.o(.text)
    _ll_sshift_r                             0x0800855b   Thumb Code     0  llsshr.o(.text)
    __0printf$5                              0x08008581   Thumb Code    22  printf5.o(i.__0printf$5)
    __1printf$5                              0x08008581   Thumb Code     0  printf5.o(i.__0printf$5)
    __2printf                                0x08008581   Thumb Code     0  printf5.o(i.__0printf$5)
    __0vsprintf                              0x080085a1   Thumb Code    30  printfa.o(i.__0vsprintf)
    __1vsprintf                              0x080085a1   Thumb Code     0  printfa.o(i.__0vsprintf)
    __2vsprintf                              0x080085a1   Thumb Code     0  printfa.o(i.__0vsprintf)
    __c89vsprintf                            0x080085a1   Thumb Code     0  printfa.o(i.__0vsprintf)
    vsprintf                                 0x080085a1   Thumb Code     0  printfa.o(i.__0vsprintf)
    __scatterload_copy                       0x080085c5   Thumb Code    14  handlers.o(i.__scatterload_copy)
    __scatterload_null                       0x080085d3   Thumb Code     2  handlers.o(i.__scatterload_null)
    __scatterload_zeroinit                   0x080085d5   Thumb Code    14  handlers.o(i.__scatterload_zeroinit)
    FSMC_DefaultTimingStruct                 0x08009140   Data          28  stm32f4xx_fsmc.o(.constdata)
    asc2_1206                                0x0800915c   Data        1140  lcd.o(.constdata)
    asc2_1608                                0x080095d0   Data        1520  lcd.o(.constdata)
    asc2_2412                                0x08009bc0   Data        3420  lcd.o(.constdata)
    Region$$Table$$Base                      0x0800a91c   Number         0  anon$$obj.o(Region$$Table)
    Region$$Table$$Limit                     0x0800a93c   Number         0  anon$$obj.o(Region$$Table)
    SystemCoreClock                          0x20000000   Data           4  system_stm32f4xx.o(.data)
    AHBPrescTable                            0x20000004   Data          16  system_stm32f4xx.o(.data)
    __stdout                                 0x20000024   Data           4  usart.o(.data)
    USART_RX_STA                             0x20000028   Data           2  usart.o(.data)
    USART3_RX_STA                            0x2000002e   Data           2  usart3.o(.data)
    POINT_COLOR                              0x20000030   Data           2  lcd.o(.data)
    BACK_COLOR                               0x20000032   Data           2  lcd.o(.data)
    STOP_FALG                                0x20000034   Data           1  rplidar.o(.data)
    SCAN_FALG                                0x20000035   Data           1  rplidar.o(.data)
    nodes                                    0x20000038   Data        2160  main.o(.bss)
    USART_RX_BUF                             0x200008a8   Data         200  usart.o(.bss)
    USART3_TX_BUF                            0x20000970   Data        1028  usart3.o(.bss)
    USART3_RX_BUF                            0x20000d74   Data        2048  usart3.o(.bss)
    lcddev                                   0x20001574   Data          14  lcd.o(.bss)
    __initial_sp                             0x20001988   Data           0  startup_stm32f40_41xxx.o(STACK)



==============================================================================

Memory Map of the image

  Image Entry point : 0x08000189

  Load Region LR_IROM1 (Base: 0x08000000, Size: 0x0000a974, Max: 0x00100000, ABSOLUTE)

    Execution Region ER_IROM1 (Base: 0x08000000, Size: 0x0000a93c, Max: 0x00100000, ABSOLUTE)

    Base Addr    Size         Type   Attr      Idx    E Section Name        Object

    0x08000000   0x00000188   Data   RO          252    RESET               startup_stm32f40_41xxx.o
    0x08000188   0x00000000   Code   RO          735  * .ARM.Collect$$$$00000000  mc_w.l(entry.o)
    0x08000188   0x00000004   Code   RO         1013    .ARM.Collect$$$$00000001  mc_w.l(entry2.o)
    0x0800018c   0x00000004   Code   RO         1016    .ARM.Collect$$$$00000004  mc_w.l(entry5.o)
    0x08000190   0x00000000   Code   RO         1018    .ARM.Collect$$$$00000008  mc_w.l(entry7b.o)
    0x08000190   0x00000000   Code   RO         1020    .ARM.Collect$$$$0000000A  mc_w.l(entry8b.o)
    0x08000190   0x00000008   Code   RO         1021    .ARM.Collect$$$$0000000B  mc_w.l(entry9a.o)
    0x08000198   0x00000000   Code   RO         1023    .ARM.Collect$$$$0000000D  mc_w.l(entry10a.o)
    0x08000198   0x00000000   Code   RO         1025    .ARM.Collect$$$$0000000F  mc_w.l(entry11a.o)
    0x08000198   0x00000004   Code   RO         1014    .ARM.Collect$$$$00002712  mc_w.l(entry2.o)
    0x0800019c   0x000000f8   Code   RO            3    .text               main.o
    0x08000294   0x0000001a   Code   RO          177    .text               stm32f4xx_it.o
    0x080002ae   0x00000002   PAD
    0x080002b0   0x00000210   Code   RO          226    .text               system_stm32f4xx.o
    0x080004c0   0x00000024   Code   RO          253    .text               startup_stm32f40_41xxx.o
    0x080004e4   0x00000294   Code   RO          259    .text               stm32f4xx_gpio.o
    0x08000778   0x0000065c   Code   RO          279    .text               stm32f4xx_rcc.o
    0x08000dd4   0x00000094   Code   RO          301    .text               stm32f4xx_syscfg.o
    0x08000e68   0x000000e0   Code   RO          321    .text               misc.o
    0x08000f48   0x00000454   Code   RO          341    .text               stm32f4xx_usart.o
    0x0800139c   0x00000ca2   Code   RO          361    .text               stm32f4xx_tim.o
    0x0800203e   0x00000002   PAD
    0x08002040   0x00000110   Code   RO          381    .text               stm32f4xx_exti.o
    0x08002150   0x000005c8   Code   RO          421    .text               stm32f4xx_fsmc.o
    0x08002718   0x0000014c   Code   RO          462    .text               usart.o
    0x08002864   0x00000104   Code   RO          493    .text               delay.o
    0x08002968   0x00000040   Code   RO          515    .text               led.o
    0x080029a8   0x000001b0   Code   RO          535    .text               usart3.o
    0x08002b58   0x00000080   Code   RO          575    .text               timer.o
    0x08002bd8   0x00000064   Code   RO          596    .text               beep.o
    0x08002c3c   0x00000108   Code   RO          616    .text               key.o
    0x08002d44   0x00004c64   Code   RO          636    .text               lcd.o
    0x080079a8   0x000000a0   Code   RO          667    .text               pwm_motor.o
    0x08007a48   0x00000204   Code   RO          687    .text               exti.o
    0x08007c4c   0x000002d0   Code   RO          707    .text               rplidar.o
    0x08007f1c   0x0000000e   Code   RO          738    .text               mc_w.l(strlen.o)
    0x08007f2a   0x000000e4   Code   RO         1001    .text               mf_w.l(dmul.o)
    0x0800800e   0x000000de   Code   RO         1003    .text               mf_w.l(ddiv.o)
    0x080080ec   0x00000022   Code   RO         1005    .text               mf_w.l(dflti.o)
    0x0800810e   0x0000001a   Code   RO         1007    .text               mf_w.l(dfltui.o)
    0x08008128   0x00000032   Code   RO         1009    .text               mf_w.l(dfixui.o)
    0x0800815a   0x00000038   Code   RO         1011    .text               mf_w.l(d2f.o)
    0x08008192   0x0000002c   Code   RO         1027    .text               mc_w.l(uidiv.o)
    0x080081be   0x00000062   Code   RO         1029    .text               mc_w.l(uldiv.o)
    0x08008220   0x00000020   Code   RO         1031    .text               mc_w.l(llushr.o)
    0x08008240   0x00000000   Code   RO         1033    .text               mc_w.l(iusefp.o)
    0x08008240   0x0000006e   Code   RO         1034    .text               mf_w.l(fepilogue.o)
    0x080082ae   0x000000ba   Code   RO         1036    .text               mf_w.l(depilogue.o)
    0x08008368   0x0000014e   Code   RO         1038    .text               mf_w.l(dadd.o)
    0x080084b6   0x00000030   Code   RO         1040    .text               mf_w.l(dfixul.o)
    0x080084e6   0x00000002   PAD
    0x080084e8   0x00000030   Code   RO         1042    .text               mf_w.l(cdrcmple.o)
    0x08008518   0x00000024   Code   RO         1044    .text               mc_w.l(init.o)
    0x0800853c   0x0000001e   Code   RO         1046    .text               mc_w.l(llshl.o)
    0x0800855a   0x00000024   Code   RO         1048    .text               mc_w.l(llsshr.o)
    0x0800857e   0x00000002   PAD
    0x08008580   0x00000020   Code   RO          873    i.__0printf$5       mc_w.l(printf5.o)
    0x080085a0   0x00000024   Code   RO          979    i.__0vsprintf       mc_w.l(printfa.o)
    0x080085c4   0x0000000e   Code   RO         1052    i.__scatterload_copy  mc_w.l(handlers.o)
    0x080085d2   0x00000002   Code   RO         1053    i.__scatterload_null  mc_w.l(handlers.o)
    0x080085d4   0x0000000e   Code   RO         1054    i.__scatterload_zeroinit  mc_w.l(handlers.o)
    0x080085e2   0x00000002   PAD
    0x080085e4   0x00000164   Code   RO          980    i._fp_digits        mc_w.l(printfa.o)
    0x08008748   0x000002c0   Code   RO          880    i._printf_core      mc_w.l(printf5.o)
    0x08008a08   0x000006dc   Code   RO          981    i._printf_core      mc_w.l(printfa.o)
    0x080090e4   0x00000024   Code   RO          982    i._printf_post_padding  mc_w.l(printfa.o)
    0x08009108   0x0000002e   Code   RO          983    i._printf_pre_padding  mc_w.l(printfa.o)
    0x08009136   0x0000000a   Code   RO          985    i._sputc            mc_w.l(printfa.o)
    0x08009140   0x0000001c   Data   RO          422    .constdata          stm32f4xx_fsmc.o
    0x0800915c   0x000017c0   Data   RO          638    .constdata          lcd.o
    0x0800a91c   0x00000020   Data   RO         1050    Region$$Table       anon$$obj.o


    Execution Region RW_IRAM1 (Base: 0x20000000, Size: 0x00001988, Max: 0x00020000, ABSOLUTE)

    Base Addr    Size         Type   Attr      Idx    E Section Name        Object

    0x20000000   0x00000014   Data   RW          227    .data               system_stm32f4xx.o
    0x20000014   0x00000010   Data   RW          280    .data               stm32f4xx_rcc.o
    0x20000024   0x00000006   Data   RW          464    .data               usart.o
    0x2000002a   0x00000004   Data   RW          494    .data               delay.o
    0x2000002e   0x00000002   Data   RW          537    .data               usart3.o
    0x20000030   0x00000004   Data   RW          639    .data               lcd.o
    0x20000034   0x00000002   Data   RW          708    .data               rplidar.o
    0x20000036   0x00000002   PAD
    0x20000038   0x00000870   Zero   RW            4    .bss                main.o
    0x200008a8   0x000000c8   Zero   RW          463    .bss                usart.o
    0x20000970   0x00000c04   Zero   RW          536    .bss                usart3.o
    0x20001574   0x0000000e   Zero   RW          637    .bss                lcd.o
    0x20001582   0x00000006   PAD
    0x20001588   0x00000400   Zero   RW          250    STACK               startup_stm32f40_41xxx.o


==============================================================================

Image component sizes


      Code (inc. data)   RO Data    RW Data    ZI Data      Debug   Object Name

       100          4          0          0          0        628   beep.o
       260          8          0          4          0       1413   delay.o
       516         20          0          0          0       1364   exti.o
       264         10          0          0          0        792   key.o
     19556        156       6080          4         14      22158   lcd.o
        64          4          0          0          0        503   led.o
       248         24          0          0       2160     294014   main.o
       224         20          0          0          0       1793   misc.o
       160         10          0          0          0        675   pwm_motor.o
       720         38          0          2          0       3530   rplidar.o
        36          8        392          0       1024        816   startup_stm32f40_41xxx.o
       272         10          0          0          0       2239   stm32f4xx_exti.o
      1480         18         28          0          0       5578   stm32f4xx_fsmc.o
       660         44          0          0          0       4073   stm32f4xx_gpio.o
        26          0          0          0          0       1210   stm32f4xx_it.o
      1628         52          0         16          0      12844   stm32f4xx_rcc.o
       148         12          0          0          0       1833   stm32f4xx_syscfg.o
      3234         60          0          0          0      22276   stm32f4xx_tim.o
      1108         34          0          0          0       7772   stm32f4xx_usart.o
       528         46          0         20          0       1743   system_stm32f4xx.o
       128          8          0          0          0        776   timer.o
       332         18          0          6        200       3278   usart.o
       432         28          0          2       3076       2626   usart3.o

    ----------------------------------------------------------------------
     32128        632       6532         56       6480     393934   Object Totals
         0          0         32          0          0          0   (incl. Generated)
         4          0          0          2          6          0   (incl. Padding)

    ----------------------------------------------------------------------

      Code (inc. data)   RO Data    RW Data    ZI Data      Debug   Library Member Name

         0          0          0          0          0          0   entry.o
         0          0          0          0          0          0   entry10a.o
         0          0          0          0          0          0   entry11a.o
         8          4          0          0          0          0   entry2.o
         4          0          0          0          0          0   entry5.o
         0          0          0          0          0          0   entry7b.o
         0          0          0          0          0          0   entry8b.o
         8          4          0          0          0          0   entry9a.o
        30          0          0          0          0          0   handlers.o
        36          8          0          0          0         68   init.o
         0          0          0          0          0          0   iusefp.o
        30          0          0          0          0         68   llshl.o
        36          0          0          0          0         68   llsshr.o
        32          0          0          0          0         68   llushr.o
       736         56          0          0          0        184   printf5.o
      2240         86          0          0          0        508   printfa.o
        14          0          0          0          0         68   strlen.o
        44          0          0          0          0         80   uidiv.o
        98          0          0          0          0         92   uldiv.o
        48          0          0          0          0         68   cdrcmple.o
        56          0          0          0          0         88   d2f.o
       334          0          0          0          0        148   dadd.o
       222          0          0          0          0        100   ddiv.o
       186          0          0          0          0        176   depilogue.o
        50          0          0          0          0         76   dfixui.o
        48          0          0          0          0         68   dfixul.o
        34          0          0          0          0         76   dflti.o
        26          0          0          0          0         76   dfltui.o
       228          0          0          0          0         96   dmul.o
       110          0          0          0          0        168   fepilogue.o

    ----------------------------------------------------------------------
      4664        158          0          0          0       2344   Library Totals
         6          0          0          0          0          0   (incl. Padding)

    ----------------------------------------------------------------------

      Code (inc. data)   RO Data    RW Data    ZI Data      Debug   Library Name

      3316        158          0          0          0       1204   mc_w.l
      1342          0          0          0          0       1140   mf_w.l

    ----------------------------------------------------------------------
      4664        158          0          0          0       2344   Library Totals

    ----------------------------------------------------------------------

==============================================================================


      Code (inc. data)   RO Data    RW Data    ZI Data      Debug   

     36792        790       6532         56       6480     390786   Grand Totals
     36792        790       6532         56       6480     390786   ELF Image Totals
     36792        790       6532         56          0          0   ROM Totals

==============================================================================

    Total RO  Size (Code + RO Data)                43324 (  42.31kB)
    Total RW  Size (RW Data + ZI Data)              6536 (   6.38kB)
    Total ROM Size (Code + RO Data + RW Data)      43380 (  42.36kB)

==============================================================================

